<html>
<body>
<pre>
<h1>µVision Build Log</h1>
<h2>Tool Versions:</h2>
IDE-Version: µVision V5.14.0.0
Copyright (C) 2015 ARM Ltd and ARM Germany GmbH. All rights reserved.
License Information: Reza Mosala, M, LIC=LJWFW-Q8LJI-D1DPR-KSX88-QD6AL-BQKCQ
 
Tool Versions:
Toolchain:       MDK-ARM Professional  Version: 5.14.0.0
Toolchain Path:  C:\Keil_v5\ARM\ARMCC\Bin
C Compiler:      Armcc.exe V5.05 update 1 (build 106)
Assembler:       Armasm.exe V5.05 update 1 (build 106)
Linker/Locator:  ArmLink.exe V5.05 update 1 (build 106)
Library Manager: ArmAr.exe V5.05 update 1 (build 106)
Hex Converter:   FromElf.exe V5.05 update 1 (build 106)
CPU DLL:         SARM.DLL V5.14.0.0
Dialog DLL:      DARMATS.DLL V1.20
Target DLL:      UL2ARM.DLL V1.74.5.0
Dialog DLL:      TARMATS.DLL V1.20
 
<h2>Project:</h2>
C:\Documents and Settings\Reza\My Documents\Project\seg up dw 1 switch\segupdw1sw.uvproj
Project File Date:  06/26/2016

<h2>Output:</h2>
Build target 'Target 1'
compiling segupdw1sw.c...
linking...
Program Size: Code=2724 RO-data=32 RW-data=64 ZI-data=1256  
FromELF: creating hex file...
".\Objects\segupdw1sw.axf" - 0 Error(s), 0 Warning(s).
</pre>
</body>
</html>
