Component: ARM Compiler 5.06 update 2 (build 183) Tool: armlink [4d35b7]

==============================================================================

Section Cross References

    sam7.o(STACK) refers (Special) to heapauxi.o(.text) for __use_two_region_memory
    sam7.o(HEAP) refers (Special) to heapauxi.o(.text) for __use_two_region_memory
    sam7.o(RESET) refers (Special) to heapauxi.o(.text) for __use_two_region_memory
    sam7.o(RESET) refers to sam7.o(STACK) for Stack_Top
    sam7.o(RESET) refers to __main.o(!!!main) for __main
    sam7.o(.text) refers (Special) to heapauxi.o(.text) for __use_two_region_memory
    sam7.o(.text) refers to sam7.o(HEAP) for Heap_Mem
    sam7.o(.text) refers to sam7.o(STACK) for Stack_Mem
    lm35.o(i.Display_off) refers to lm35.o(i.lcd_command) for lcd_command
    lm35.o(i.Display_off) refers to lm35.o(i.cwait) for cwait
    lm35.o(i.Display_on) refers to lm35.o(i.lcd_command) for lcd_command
    lm35.o(i.Display_on) refers to lm35.o(i.cwait) for cwait
    lm35.o(i.cursor_blink) refers to lm35.o(i.lcd_command) for lcd_command
    lm35.o(i.cursor_blink) refers to lm35.o(i.cwait) for cwait
    lm35.o(i.cursor_off) refers to lm35.o(i.lcd_command) for lcd_command
    lm35.o(i.cursor_off) refers to lm35.o(i.cwait) for cwait
    lm35.o(i.cursor_on) refers to lm35.o(i.lcd_command) for lcd_command
    lm35.o(i.cursor_on) refers to lm35.o(i.cwait) for cwait
    lm35.o(i.delay_ms) refers to aeabi_sdiv.o(.text_udiv) for __aeabi_uidivmod
    lm35.o(i.delay_ms) refers to lm35.o(.data) for crystal
    lm35.o(i.delay_s) refers to aeabi_sdiv.o(.text_udiv) for __aeabi_uidivmod
    lm35.o(i.delay_s) refers to lm35.o(.data) for crystal
    lm35.o(i.delay_us) refers to aeabi_sdiv.o(.text_udiv) for __aeabi_uidivmod
    lm35.o(i.delay_us) refers to lm35.o(.data) for crystal
    lm35.o(i.lcd_clear) refers to lm35.o(i.lcd_command) for lcd_command
    lm35.o(i.lcd_clear) refers to lm35.o(i.cwait) for cwait
    lm35.o(i.lcd_command) refers to lm35.o(i.setD4567) for setD4567
    lm35.o(i.lcd_command) refers to lm35.o(i.cwait) for cwait
    lm35.o(i.lcd_define_char) refers to lm35.o(i.lcd_command) for lcd_command
    lm35.o(i.lcd_define_char) refers to lm35.o(i.cwait) for cwait
    lm35.o(i.lcd_define_char) refers to lm35.o(i.lcd_putchar) for lcd_putchar
    lm35.o(i.lcd_gotoxy) refers to lm35.o(i.lcd_command) for lcd_command
    lm35.o(i.lcd_init) refers to lm35.o(i.cwait) for cwait
    lm35.o(i.lcd_init) refers to lm35.o(i.setD4567) for setD4567
    lm35.o(i.lcd_init) refers to lm35.o(i.lcd_command) for lcd_command
    lm35.o(i.lcd_putchar) refers to lm35.o(i.setD4567) for setD4567
    lm35.o(i.lcd_putchar) refers to lm35.o(i.cwait) for cwait
    lm35.o(i.lcd_puts) refers to aeabi_sdiv.o(.text) for __aeabi_idivmod
    lm35.o(i.lcd_puts) refers to lm35.o(i.lcd_putchar) for lcd_putchar
    lm35.o(i.lcd_putsf) refers to lm35.o(i.lcd_putchar) for lcd_putchar
    lm35.o(i.lcd_shift_left) refers to lm35.o(i.lcd_command) for lcd_command
    lm35.o(i.lcd_shift_left) refers to lm35.o(i.cwait) for cwait
    lm35.o(i.lcd_shift_right) refers to lm35.o(i.lcd_command) for lcd_command
    lm35.o(i.lcd_shift_right) refers to lm35.o(i.cwait) for cwait
    lm35.o(i.main) refers to _printf_percent.o(.ARM.Collect$$_printf_percent$$00000000) for _printf_percent
    lm35.o(i.main) refers to _printf_f.o(.ARM.Collect$$_printf_percent$$00000003) for _printf_f
    lm35.o(i.main) refers to printf1.o(x$fpl$printf1) for _printf_fp_dec
    lm35.o(i.main) refers to lm35.o(i.lcd_init) for lcd_init
    lm35.o(i.main) refers to lm35.o(i.config_adc) for config_adc
    lm35.o(i.main) refers to lm35.o(i.start_adc) for start_adc
    lm35.o(i.main) refers to lm35.o(i.read_adc) for read_adc
    lm35.o(i.main) refers to fflt_noclz.o(x$fpl$ffltu) for __aeabi_ui2f
    lm35.o(i.main) refers to f2d.o(x$fpl$f2d) for __aeabi_f2d
    lm35.o(i.main) refers to dmul.o(x$fpl$dmul) for __aeabi_dmul
    lm35.o(i.main) refers to d2f.o(x$fpl$d2f) for __aeabi_d2f
    lm35.o(i.main) refers to lm35.o(i.lcd_gotoxy) for lcd_gotoxy
    lm35.o(i.main) refers to lm35.o(i.lcd_putsf) for lcd_putsf
    lm35.o(i.main) refers to noretval__2sprintf.o(.text) for __2sprintf
    lm35.o(i.main) refers to lm35.o(i.delay_ms) for delay_ms
    lm35.o(i.main) refers to lm35.o(i.lcd_clear) for lcd_clear
    lm35.o(i.read_adc) refers to lm35.o(.data) for adc_data
    __2sprintf.o(.text) refers to _printf_char_common.o(.text) for _printf_char_common
    __2sprintf.o(.text) refers to _sputc.o(.text) for _sputc
    noretval__2sprintf.o(.text) refers to _printf_char_common.o(.text) for _printf_char_common
    noretval__2sprintf.o(.text) refers to _sputc.o(.text) for _sputc
    __printf.o(.text) refers to __printf.o(i.__ARM_common_call_via_r1) for __ARM_common_call_via_r1
    __printf.o(.text) refers to _printf_percent.o(.ARM.Collect$$_printf_percent$$00000000) for _printf_percent
    __printf.o(.text) refers to __printf.o(i.__ARM_common_call_via_r2) for __ARM_common_call_via_r2
    __printf_flags.o(.text) refers to __printf.o(i.__ARM_common_call_via_r1) for __ARM_common_call_via_r1
    __printf_flags.o(.text) refers to _printf_percent.o(.ARM.Collect$$_printf_percent$$00000000) for _printf_percent
    __printf_flags.o(.text) refers to __printf.o(i.__ARM_common_call_via_r2) for __ARM_common_call_via_r2
    __printf_flags.o(.text) refers to __printf_flags.o(.constdata) for .constdata
    __printf_ss.o(.text) refers to __printf.o(i.__ARM_common_call_via_r1) for __ARM_common_call_via_r1
    __printf_ss.o(.text) refers to _printf_percent.o(.ARM.Collect$$_printf_percent$$00000000) for _printf_percent
    __printf_ss.o(.text) refers to __printf.o(i.__ARM_common_call_via_r2) for __ARM_common_call_via_r2
    __printf_flags_ss.o(.text) refers to __printf.o(i.__ARM_common_call_via_r1) for __ARM_common_call_via_r1
    __printf_flags_ss.o(.text) refers to _printf_percent.o(.ARM.Collect$$_printf_percent$$00000000) for _printf_percent
    __printf_flags_ss.o(.text) refers to __printf.o(i.__ARM_common_call_via_r2) for __ARM_common_call_via_r2
    __printf_flags_ss.o(.text) refers to __printf_flags_ss.o(.constdata) for .constdata
    __printf_wp.o(.text) refers to __printf.o(i.__ARM_common_call_via_r1) for __ARM_common_call_via_r1
    __printf_wp.o(.text) refers to __printf_wp.o(i._is_digit) for _is_digit
    __printf_wp.o(.text) refers to _printf_percent.o(.ARM.Collect$$_printf_percent$$00000000) for _printf_percent
    __printf_wp.o(.text) refers to __printf.o(i.__ARM_common_call_via_r2) for __ARM_common_call_via_r2
    __printf_flags_wp.o(.text) refers to __printf.o(i.__ARM_common_call_via_r1) for __ARM_common_call_via_r1
    __printf_flags_wp.o(.text) refers to __printf_wp.o(i._is_digit) for _is_digit
    __printf_flags_wp.o(.text) refers to _printf_percent.o(.ARM.Collect$$_printf_percent$$00000000) for _printf_percent
    __printf_flags_wp.o(.text) refers to __printf.o(i.__ARM_common_call_via_r2) for __ARM_common_call_via_r2
    __printf_flags_wp.o(.text) refers to __printf_flags_wp.o(.constdata) for .constdata
    __printf_ss_wp.o(.text) refers to __printf.o(i.__ARM_common_call_via_r1) for __ARM_common_call_via_r1
    __printf_ss_wp.o(.text) refers to __printf_wp.o(i._is_digit) for _is_digit
    __printf_ss_wp.o(.text) refers to _printf_percent.o(.ARM.Collect$$_printf_percent$$00000000) for _printf_percent
    __printf_ss_wp.o(.text) refers to __printf.o(i.__ARM_common_call_via_r2) for __ARM_common_call_via_r2
    __printf_flags_ss_wp.o(.text) refers to __printf.o(i.__ARM_common_call_via_r1) for __ARM_common_call_via_r1
    __printf_flags_ss_wp.o(.text) refers to __printf_wp.o(i._is_digit) for _is_digit
    __printf_flags_ss_wp.o(.text) refers to _printf_percent.o(.ARM.Collect$$_printf_percent$$00000000) for _printf_percent
    __printf_flags_ss_wp.o(.text) refers to __printf.o(i.__ARM_common_call_via_r2) for __ARM_common_call_via_r2
    __printf_flags_ss_wp.o(.text) refers to __printf_flags_ss_wp.o(.constdata) for .constdata
    _printf_f.o(.ARM.Collect$$_printf_percent$$00000003) refers (Weak) to printf1.o(x$fpl$printf1) for _printf_fp_dec
    _printf_percent.o(.ARM.Collect$$_printf_percent$$00000000) refers (Special) to _printf_percent_end.o(.ARM.Collect$$_printf_percent$$00000017) for _printf_percent_end
    aeabi_sdiv.o(.text_udiv) refers to aeabi_sdiv.o(.text) for __arm_div2
    aeabi_sdiv_div0.o(.text_udiv) refers to aeabi_sdiv_div0.o(.text) for __arm_div2
    __main.o(!!!main) refers to __rtentry.o(.ARM.Collect$$rtentry$$00000000) for __rt_entry
    d2f.o(x$fpl$d2f) refers (Special) to usenofp.o(x$fpl$usenofp) for __I$use$fp
    d2f.o(x$fpl$d2f) refers to fretinf.o(x$fpl$fretinf) for __fpl_fretinf
    d2f.o(x$fpl$d2f) refers to dnaninf.o(x$fpl$dnaninf) for __fpl_dnaninf
    dmul.o(x$fpl$dmul) refers (Special) to usenofp.o(x$fpl$usenofp) for __I$use$fp
    dmul.o(x$fpl$dmul) refers to dretinf.o(x$fpl$dretinf) for __fpl_dretinf
    dmul.o(x$fpl$dmul) refers to dnaninf.o(x$fpl$dnaninf) for __fpl_dnaninf
    f2d.o(x$fpl$f2d) refers (Special) to usenofp.o(x$fpl$usenofp) for __I$use$fp
    f2d.o(x$fpl$f2d) refers to fnaninf.o(x$fpl$fnaninf) for __fpl_fnaninf
    f2d.o(x$fpl$f2d) refers to dretinf.o(x$fpl$dretinf) for __fpl_dretinf
    fflt_noclz.o(x$fpl$ffltu) refers (Special) to usenofp.o(x$fpl$usenofp) for __I$use$fp
    fflt_noclz.o(x$fpl$ffltu) refers to fflt_noclz.o(x$fpl$fflt) for __fflt_normalise
    fflt_noclz.o(x$fpl$fflt) refers (Special) to usenofp.o(x$fpl$usenofp) for __I$use$fp
    printf1.o(x$fpl$printf1) refers to _printf_fp_dec.o(.text) for _printf_fp_dec_real
    __rtentry.o(.ARM.Collect$$rtentry$$00000000) refers (Special) to __rtentry2.o(.ARM.Collect$$rtentry$$0000000A) for __rt_entry_li
    __rtentry.o(.ARM.Collect$$rtentry$$00000000) refers (Special) to __rtentry2.o(.ARM.Collect$$rtentry$$0000000D) for __rt_entry_main
    __rtentry.o(.ARM.Collect$$rtentry$$00000000) refers (Special) to __rtentry2.o(.ARM.Collect$$rtentry$$0000000C) for __rt_entry_postli_1
    __rtentry.o(.ARM.Collect$$rtentry$$00000000) refers (Special) to __rtentry2.o(.ARM.Collect$$rtentry$$00000009) for __rt_entry_postsh_1
    __rtentry.o(.ARM.Collect$$rtentry$$00000000) refers (Special) to __rtentry2.o(.ARM.Collect$$rtentry$$00000002) for __rt_entry_presh_1
    __rtentry.o(.ARM.Collect$$rtentry$$00000000) refers (Special) to __rtentry4.o(.ARM.Collect$$rtentry$$00000004) for __rt_entry_sh
    aeabi_idiv0_sigfpe.o(.text) refers to rt_div0.o(.text) for __rt_div0
    _printf_fp_dec.o(.text) refers (Special) to usenofp.o(x$fpl$usenofp) for __I$use$fp
    _printf_fp_dec.o(.text) refers (Special) to lc_numeric_c.o(locale$$code) for _get_lc_numeric
    _printf_fp_dec.o(.text) refers to istatus.o(x$fpl$ieeestatus) for __ieee_status
    _printf_fp_dec.o(.text) refers to bigflt0.o(.text) for _btod_etento
    _printf_fp_dec.o(.text) refers to btod.o(CL$$btod_d2e) for _btod_d2e
    _printf_fp_dec.o(.text) refers to btod.o(CL$$btod_ediv) for _btod_ediv
    _printf_fp_dec.o(.text) refers to btod.o(CL$$btod_emul) for _btod_emul
    _printf_fp_dec.o(.text) refers to lludiv10.o(.text) for _ll_udiv10
    _printf_fp_dec.o(.text) refers to fpclassify.o(i.__ARM_fpclassify) for __ARM_fpclassify
    _printf_fp_dec.o(.text) refers to _printf_fp_infnan.o(.text) for _printf_fp_infnan
    _printf_fp_dec.o(.text) refers to rtudiv10.o(.text) for __rt_udiv10
    _printf_fp_dec.o(.text) refers to __printf.o(i.__ARM_common_call_via_r2) for __ARM_common_call_via_r2
    _printf_fp_dec.o(.text) refers to rt_locale_intlibspace.o(.text) for __rt_locale
    _printf_char_common.o(.text) refers to __printf.o(.text) for __printf
    dnaninf.o(x$fpl$dnaninf) refers (Special) to usenofp.o(x$fpl$usenofp) for __I$use$fp
    dretinf.o(x$fpl$dretinf) refers (Special) to usenofp.o(x$fpl$usenofp) for __I$use$fp
    fnaninf.o(x$fpl$fnaninf) refers (Special) to usenofp.o(x$fpl$usenofp) for __I$use$fp
    fretinf.o(x$fpl$fretinf) refers (Special) to usenofp.o(x$fpl$usenofp) for __I$use$fp
    __rtentry2.o(.ARM.Collect$$rtentry$$00000008) refers to boardinit2.o(.text) for _platform_post_stackheap_init
    __rtentry2.o(.ARM.Collect$$rtentry$$0000000A) refers to libinit.o(.ARM.Collect$$libinit$$00000000) for __rt_lib_init
    __rtentry2.o(.ARM.Collect$$rtentry$$0000000B) refers to boardinit3.o(.text) for _platform_post_lib_init
    __rtentry2.o(.ARM.Collect$$rtentry$$0000000D) refers to exit.o(.text) for exit
    __rtentry2.o(.ARM.Collect$$rtentry$$0000000D) refers to lm35.o(i.main) for main
    __rtentry2.o(.ARM.exidx) refers to __rtentry2.o(.ARM.Collect$$rtentry$$00000001) for .ARM.Collect$$rtentry$$00000001
    __rtentry2.o(.ARM.exidx) refers to __rtentry2.o(.ARM.Collect$$rtentry$$00000008) for .ARM.Collect$$rtentry$$00000008
    __rtentry2.o(.ARM.exidx) refers to __rtentry2.o(.ARM.Collect$$rtentry$$0000000A) for .ARM.Collect$$rtentry$$0000000A
    __rtentry2.o(.ARM.exidx) refers to __rtentry2.o(.ARM.Collect$$rtentry$$0000000B) for .ARM.Collect$$rtentry$$0000000B
    __rtentry2.o(.ARM.exidx) refers to __rtentry2.o(.ARM.Collect$$rtentry$$0000000D) for .ARM.Collect$$rtentry$$0000000D
    __rtentry4.o(.ARM.Collect$$rtentry$$00000004) refers to sys_stackheap_outer.o(.text) for __user_setup_stackheap
    __rtentry4.o(.ARM.exidx) refers to __rtentry4.o(.ARM.Collect$$rtentry$$00000004) for .ARM.Collect$$rtentry$$00000004
    rt_div0.o(.text) refers to defsig_fpe_outer.o(.text) for __rt_SIGFPE
    rt_locale.o(.text) refers to rt_locale.o(.bss) for __rt_locale_data
    rt_locale_intlibspace.o(.text) refers to libspace.o(.bss) for __libspace_start
    _printf_fp_infnan.o(.text) refers to __printf.o(i.__ARM_common_call_via_r2) for __ARM_common_call_via_r2
    __printf_nopercent.o(.text) refers to __printf_nopercent.o(i.__ARM_common_call_via_r7) for __ARM_common_call_via_r7
    __printf_nopercent.o(.text) refers to __printf_nopercent.o(i.__ARM_common_call_via_r5) for __ARM_common_call_via_r5
    bigflt0.o(.text) refers (Special) to usenofp.o(x$fpl$usenofp) for __I$use$fp
    bigflt0.o(.text) refers to aeabi_sdiv.o(.text) for __aeabi_idivmod
    bigflt0.o(.text) refers to btod.o(CL$$btod_emul) for _btod_emul
    bigflt0.o(.text) refers to btod.o(CL$$btod_ediv) for _btod_ediv
    bigflt0.o(.text) refers to bigflt0.o(.constdata) for .constdata
    bigflt0.o(.constdata) refers (Special) to usenofp.o(x$fpl$usenofp) for __I$use$fp
    btod.o(CL$$btod_d2e) refers (Special) to usenofp.o(x$fpl$usenofp) for __I$use$fp
    btod.o(CL$$btod_d2e) refers to btod.o(CL$$btod_d2e_norm_op1) for _d2e_norm_op1
    btod.o(CL$$btod_d2e_norm_op1) refers (Special) to usenofp.o(x$fpl$usenofp) for __I$use$fp
    btod.o(CL$$btod_d2e_norm_op1) refers to btod.o(CL$$btod_d2e_denorm_low) for _d2e_denorm_low
    btod.o(CL$$btod_d2e_denorm_low) refers (Special) to usenofp.o(x$fpl$usenofp) for __I$use$fp
    btod.o(CL$$btod_emul) refers (Special) to usenofp.o(x$fpl$usenofp) for __I$use$fp
    btod.o(CL$$btod_emul) refers to btod.o(CL$$btod_mult_common) for __btod_mult_common
    btod.o(CL$$btod_emul) refers to btod.o(CL$$btod_e2e) for _e2e
    btod.o(CL$$btod_ediv) refers (Special) to usenofp.o(x$fpl$usenofp) for __I$use$fp
    btod.o(CL$$btod_ediv) refers to btod.o(CL$$btod_div_common) for __btod_div_common
    btod.o(CL$$btod_ediv) refers to btod.o(CL$$btod_e2e) for _e2e
    btod.o(CL$$btod_emuld) refers (Special) to usenofp.o(x$fpl$usenofp) for __I$use$fp
    btod.o(CL$$btod_emuld) refers to btod.o(CL$$btod_mult_common) for __btod_mult_common
    btod.o(CL$$btod_emuld) refers to btod.o(CL$$btod_e2d) for _e2d
    btod.o(CL$$btod_edivd) refers (Special) to usenofp.o(x$fpl$usenofp) for __I$use$fp
    btod.o(CL$$btod_edivd) refers to btod.o(CL$$btod_div_common) for __btod_div_common
    btod.o(CL$$btod_edivd) refers to btod.o(CL$$btod_e2d) for _e2d
    btod.o(CL$$btod_e2e) refers (Special) to usenofp.o(x$fpl$usenofp) for __I$use$fp
    btod.o(CL$$btod_e2d) refers (Special) to usenofp.o(x$fpl$usenofp) for __I$use$fp
    btod.o(CL$$btod_e2d) refers to btod.o(CL$$btod_e2e) for _e2e
    btod.o(CL$$btod_mult_common) refers (Special) to usenofp.o(x$fpl$usenofp) for __I$use$fp
    btod.o(CL$$btod_div_common) refers (Special) to usenofp.o(x$fpl$usenofp) for __I$use$fp
    lc_numeric_c.o(locale$$data) refers (Special) to libinit2.o(.ARM.Collect$$libinit$$00000016) for __rt_lib_init_lc_numeric_2
    lc_numeric_c.o(locale$$code) refers (Special) to libinit2.o(.ARM.Collect$$libinit$$00000016) for __rt_lib_init_lc_numeric_2
    lc_numeric_c.o(locale$$code) refers to strcmp.o(.text) for strcmp
    lc_numeric_c.o(locale$$code) refers to lc_numeric_c.o(locale$$data) for __lcnum_c_name
    istatus.o(x$fpl$ieeestatus) refers (Special) to usenofp.o(x$fpl$usenofp) for __I$use$fp
    fpclassify.o(i.__ARM_fpclassify) refers (Special) to usenofp.o(x$fpl$usenofp) for __I$use$fp
    libspace.o(.text) refers to libspace.o(.bss) for __libspace_start
    sys_stackheap_outer.o(.text) refers to libspace.o(.text) for __user_perproc_libspace
    sys_stackheap_outer.o(.text) refers to sam7.o(.text) for __user_initial_stackheap
    exit.o(.text) refers to rtexit.o(.ARM.Collect$$rtexit$$00000000) for __rt_exit
    defsig_fpe_outer.o(.text) refers to defsig_fpe_inner.o(.text) for __rt_SIGFPE_inner
    defsig_fpe_outer.o(.text) refers to defsig_exit.o(.text) for __sig_exit
    defsig_fpe_formal.o(.text) refers to rt_raise.o(.text) for __rt_raise
    libinit.o(.ARM.Collect$$libinit$$00000000) refers (Special) to libinit2.o(.ARM.Collect$$libinit$$0000002E) for __rt_lib_init_alloca_1
    libinit.o(.ARM.Collect$$libinit$$00000000) refers (Special) to libinit2.o(.ARM.Collect$$libinit$$0000002C) for __rt_lib_init_argv_1
    libinit.o(.ARM.Collect$$libinit$$00000000) refers (Special) to libinit2.o(.ARM.Collect$$libinit$$0000001B) for __rt_lib_init_atexit_1
    libinit.o(.ARM.Collect$$libinit$$00000000) refers (Special) to libinit2.o(.ARM.Collect$$libinit$$00000021) for __rt_lib_init_clock_1
    libinit.o(.ARM.Collect$$libinit$$00000000) refers (Special) to libinit2.o(.ARM.Collect$$libinit$$00000032) for __rt_lib_init_cpp_1
    libinit.o(.ARM.Collect$$libinit$$00000000) refers (Special) to libinit2.o(.ARM.Collect$$libinit$$00000030) for __rt_lib_init_exceptions_1
    libinit.o(.ARM.Collect$$libinit$$00000000) refers (Special) to libinit2.o(.ARM.Collect$$libinit$$00000002) for __rt_lib_init_fp_1
    libinit.o(.ARM.Collect$$libinit$$00000000) refers (Special) to libinit2.o(.ARM.Collect$$libinit$$0000001F) for __rt_lib_init_fp_trap_1
    libinit.o(.ARM.Collect$$libinit$$00000000) refers (Special) to libinit2.o(.ARM.Collect$$libinit$$00000023) for __rt_lib_init_getenv_1
    libinit.o(.ARM.Collect$$libinit$$00000000) refers (Special) to libinit2.o(.ARM.Collect$$libinit$$0000000A) for __rt_lib_init_heap_1
    libinit.o(.ARM.Collect$$libinit$$00000000) refers (Special) to libinit2.o(.ARM.Collect$$libinit$$00000011) for __rt_lib_init_lc_collate_1
    libinit.o(.ARM.Collect$$libinit$$00000000) refers (Special) to libinit2.o(.ARM.Collect$$libinit$$00000013) for __rt_lib_init_lc_ctype_1
    libinit.o(.ARM.Collect$$libinit$$00000000) refers (Special) to libinit2.o(.ARM.Collect$$libinit$$00000015) for __rt_lib_init_lc_monetary_1
    libinit.o(.ARM.Collect$$libinit$$00000000) refers (Special) to libinit2.o(.ARM.Collect$$libinit$$00000017) for __rt_lib_init_lc_numeric_1
    libinit.o(.ARM.Collect$$libinit$$00000000) refers (Special) to libinit2.o(.ARM.Collect$$libinit$$00000019) for __rt_lib_init_lc_time_1
    libinit.o(.ARM.Collect$$libinit$$00000000) refers (Special) to libinit2.o(.ARM.Collect$$libinit$$00000004) for __rt_lib_init_preinit_1
    libinit.o(.ARM.Collect$$libinit$$00000000) refers (Special) to libinit2.o(.ARM.Collect$$libinit$$0000000E) for __rt_lib_init_rand_1
    libinit.o(.ARM.Collect$$libinit$$00000000) refers (Special) to libinit2.o(.ARM.Collect$$libinit$$00000033) for __rt_lib_init_return
    libinit.o(.ARM.Collect$$libinit$$00000000) refers (Special) to libinit2.o(.ARM.Collect$$libinit$$0000001D) for __rt_lib_init_signal_1
    libinit.o(.ARM.Collect$$libinit$$00000000) refers (Special) to libinit2.o(.ARM.Collect$$libinit$$00000025) for __rt_lib_init_stdio_1
    libinit.o(.ARM.Collect$$libinit$$00000000) refers (Special) to libinit2.o(.ARM.Collect$$libinit$$0000000C) for __rt_lib_init_user_alloc_1
    libinit2.o(.ARM.Collect$$libinit$$00000001) refers to fpinit.o(x$fpl$fpinit) for _fp_init
    libinit2.o(.ARM.Collect$$libinit$$0000000F) refers (Weak) to rt_locale_intlibspace.o(.text) for __rt_locale
    libinit2.o(.ARM.Collect$$libinit$$00000010) refers to libinit2.o(.ARM.Collect$$libinit$$0000000F) for .ARM.Collect$$libinit$$0000000F
    libinit2.o(.ARM.Collect$$libinit$$00000012) refers to libinit2.o(.ARM.Collect$$libinit$$0000000F) for .ARM.Collect$$libinit$$0000000F
    libinit2.o(.ARM.Collect$$libinit$$00000014) refers to libinit2.o(.ARM.Collect$$libinit$$0000000F) for .ARM.Collect$$libinit$$0000000F
    libinit2.o(.ARM.Collect$$libinit$$00000016) refers to libinit2.o(.ARM.Collect$$libinit$$0000000F) for .ARM.Collect$$libinit$$0000000F
    libinit2.o(.ARM.Collect$$libinit$$00000016) refers (Weak) to lc_numeric_c.o(locale$$code) for _get_lc_numeric
    libinit2.o(.ARM.Collect$$libinit$$00000018) refers to libinit2.o(.ARM.Collect$$libinit$$0000000F) for .ARM.Collect$$libinit$$0000000F
    libinit2.o(.ARM.Collect$$libinit$$00000026) refers to argv_veneer.o(.emb_text) for __ARM_argv_veneer
    libinit2.o(.ARM.Collect$$libinit$$00000027) refers to argv_veneer.o(.emb_text) for __ARM_argv_veneer
    rtexit.o(.ARM.Collect$$rtexit$$00000000) refers (Special) to rtexit2.o(.ARM.Collect$$rtexit$$00000004) for __rt_exit_exit
    rtexit.o(.ARM.Collect$$rtexit$$00000000) refers (Special) to rtexit2.o(.ARM.Collect$$rtexit$$00000003) for __rt_exit_ls
    rtexit.o(.ARM.Collect$$rtexit$$00000000) refers (Special) to rtexit2.o(.ARM.Collect$$rtexit$$00000002) for __rt_exit_prels_1
    rtexit.o(.ARM.exidx) refers (Special) to rtexit2.o(.ARM.Collect$$rtexit$$00000004) for __rt_exit_exit
    rtexit.o(.ARM.exidx) refers (Special) to rtexit2.o(.ARM.Collect$$rtexit$$00000003) for __rt_exit_ls
    rtexit.o(.ARM.exidx) refers (Special) to rtexit2.o(.ARM.Collect$$rtexit$$00000002) for __rt_exit_prels_1
    rtexit.o(.ARM.exidx) refers to rtexit.o(.ARM.Collect$$rtexit$$00000000) for .ARM.Collect$$rtexit$$00000000
    rt_raise.o(.text) refers to __raise.o(.text) for __raise
    rt_raise.o(.text) refers to sys_exit.o(.text) for _sys_exit
    defsig_exit.o(.text) refers to sys_exit.o(.text) for _sys_exit
    defsig_fpe_inner.o(.text) refers to defsig_general.o(.text) for __default_signal_display
    argv_veneer.o(.emb_text) refers to no_argv.o(.text) for __ARM_get_argv
    sys_exit.o(.text) refers (Special) to use_no_semi.o(.text) for __I$use$semihosting
    sys_exit.o(.text) refers (Special) to indicate_semi.o(.text) for __semihosting_library_function
    rtexit2.o(.ARM.Collect$$rtexit$$00000003) refers to libshutdown.o(.ARM.Collect$$libshutdown$$00000000) for __rt_lib_shutdown
    rtexit2.o(.ARM.Collect$$rtexit$$00000004) refers to sys_exit.o(.text) for _sys_exit
    rtexit2.o(.ARM.exidx) refers to rtexit2.o(.ARM.Collect$$rtexit$$00000001) for .ARM.Collect$$rtexit$$00000001
    rtexit2.o(.ARM.exidx) refers to rtexit2.o(.ARM.Collect$$rtexit$$00000003) for .ARM.Collect$$rtexit$$00000003
    rtexit2.o(.ARM.exidx) refers to rtexit2.o(.ARM.Collect$$rtexit$$00000004) for .ARM.Collect$$rtexit$$00000004
    __raise.o(.text) refers to __printf.o(i.__ARM_common_call_via_r2) for __ARM_common_call_via_r2
    __raise.o(.text) refers to defsig.o(CL$$defsig) for __default_signal_handler
    defsig_general.o(.text) refers to sys_wrch.o(.text) for _ttywrch
    _get_argv_nomalloc.o(.text) refers (Special) to hrguard.o(.text) for __heap_region$guard
    _get_argv_nomalloc.o(.text) refers to defsig_rtmem_outer.o(.text) for __rt_SIGRTMEM
    _get_argv_nomalloc.o(.text) refers to sys_command.o(.text) for _sys_command_string
    sys_wrch.o(.text) refers (Special) to use_no_semi.o(.text) for __I$use$semihosting
    sys_wrch.o(.text) refers (Special) to indicate_semi.o(.text) for __semihosting_library_function
    sys_command.o(.text) refers (Special) to use_no_semi.o(.text) for __I$use$semihosting
    sys_command.o(.text) refers (Special) to indicate_semi.o(.text) for __semihosting_library_function
    defsig_rtmem_outer.o(.text) refers to defsig_rtmem_inner.o(.text) for __rt_SIGRTMEM_inner
    defsig_rtmem_outer.o(.text) refers to defsig_exit.o(.text) for __sig_exit
    defsig_rtmem_formal.o(.text) refers to rt_raise.o(.text) for __rt_raise
    defsig.o(CL$$defsig) refers to defsig_fpe_inner.o(.text) for __rt_SIGFPE_inner
    defsig.o(CL$$defsig) refers to defsig_rtmem_inner.o(.text) for __rt_SIGRTMEM_inner
    libshutdown.o(.ARM.Collect$$libshutdown$$00000000) refers (Special) to libshutdown2.o(.ARM.Collect$$libshutdown$$00000002) for __rt_lib_shutdown_cpp_1
    libshutdown.o(.ARM.Collect$$libshutdown$$00000000) refers (Special) to libshutdown2.o(.ARM.Collect$$libshutdown$$00000007) for __rt_lib_shutdown_fp_trap_1
    libshutdown.o(.ARM.Collect$$libshutdown$$00000000) refers (Special) to libshutdown2.o(.ARM.Collect$$libshutdown$$0000000F) for __rt_lib_shutdown_heap_1
    libshutdown.o(.ARM.Collect$$libshutdown$$00000000) refers (Special) to libshutdown2.o(.ARM.Collect$$libshutdown$$00000010) for __rt_lib_shutdown_return
    libshutdown.o(.ARM.Collect$$libshutdown$$00000000) refers (Special) to libshutdown2.o(.ARM.Collect$$libshutdown$$0000000A) for __rt_lib_shutdown_signal_1
    libshutdown.o(.ARM.Collect$$libshutdown$$00000000) refers (Special) to libshutdown2.o(.ARM.Collect$$libshutdown$$00000004) for __rt_lib_shutdown_stdio_1
    libshutdown.o(.ARM.Collect$$libshutdown$$00000000) refers (Special) to libshutdown2.o(.ARM.Collect$$libshutdown$$0000000C) for __rt_lib_shutdown_user_alloc_1
    defsig_abrt_inner.o(.text) refers to defsig_general.o(.text) for __default_signal_display
    defsig_rtred_inner.o(.text) refers to defsig_general.o(.text) for __default_signal_display
    defsig_rtmem_inner.o(.text) refers to defsig_general.o(.text) for __default_signal_display
    defsig_stak_inner.o(.text) refers to defsig_general.o(.text) for __default_signal_display
    defsig_pvfn_inner.o(.text) refers to defsig_general.o(.text) for __default_signal_display
    defsig_cppl_inner.o(.text) refers to defsig_general.o(.text) for __default_signal_display
    defsig_segv_inner.o(.text) refers to defsig_general.o(.text) for __default_signal_display
    defsig_other.o(.text) refers to defsig_general.o(.text) for __default_signal_display


==============================================================================

Removing Unused input sections from the image.

    Removing lm35.o(i.Display_off), (28 bytes).
    Removing lm35.o(i.Display_on), (28 bytes).
    Removing lm35.o(i.cursor_blink), (28 bytes).
    Removing lm35.o(i.cursor_off), (28 bytes).
    Removing lm35.o(i.cursor_on), (28 bytes).
    Removing lm35.o(i.delay_s), (132 bytes).
    Removing lm35.o(i.delay_us), (136 bytes).
    Removing lm35.o(i.lcd_define_char), (96 bytes).
    Removing lm35.o(i.lcd_puts), (148 bytes).
    Removing lm35.o(i.lcd_shift_left), (56 bytes).
    Removing lm35.o(i.lcd_shift_right), (56 bytes).

11 unused section(s) (total 764 bytes) removed from the image.

==============================================================================

Adding Veneers to the image

    Adding TA veneer (4 bytes, Inline) for call to '_printf_percent' from __printf.o(.text).
    Adding AT veneer (8 bytes, Inline) for call to '__rt_lib_init' from __rtentry2.o(.ARM.Collect$$rtentry$$0000000A).
    Adding AT veneer (8 bytes, Inline) for call to '__rt_lib_shutdown' from rtexit2.o(.ARM.Collect$$rtexit$$00000003).
    Adding TA veneer (4 bytes, Inline) for call to '__rt_exit' from exit.o(.text).
    Adding AT veneer (8 bytes, Inline) for call to '__2sprintf' from lm35.o(i.main).
    Adding TA veneer (4 bytes, Inline) for call to '__aeabi_idivmod' from bigflt0.o(.text).
    Adding TA veneer (4 bytes, Inline) for call to '__rt_locale' from libinit2.o(.ARM.Collect$$libinit$$0000000F).
    Adding TA veneer (4 bytes, Inline) for call to '_ll_udiv10' from _printf_fp_dec.o(.text).
    Adding TA veneer (4 bytes, Inline) for call to '__rt_udiv10' from _printf_fp_dec.o(.text).
    Adding AT veneer (8 bytes, Inline) for call to '_sys_exit' from rtexit2.o(.ARM.Collect$$rtexit$$00000004).
    Adding TA veneer (4 bytes, Inline) for call to '_btod_d2e' from _printf_fp_dec.o(.text).
    Adding TA veneer (4 bytes, Inline) for call to '_btod_ediv' from _printf_fp_dec.o(.text).
    Adding TA veneer (4 bytes, Inline) for call to '_btod_emul' from _printf_fp_dec.o(.text).
    Adding AT veneer (12 bytes, Long) for call to '_printf_fp_dec_real' from printf1.o(x$fpl$printf1).
    Adding TA veneer (4 bytes, Inline) for call to '__ARM_fpclassify' from _printf_fp_dec.o(.text).
    Adding TA veneer (4 bytes, Inline) for call to '_get_lc_numeric' from libinit2.o(.ARM.Collect$$libinit$$00000016).
    Adding TA veneer (4 bytes, Inline) for call to '__ieee_status' from _printf_fp_dec.o(.text).

17 Veneer(s) (total 92 bytes) added to the image.

==============================================================================

Image Symbol Table

    Local Symbols

    Symbol Name                              Value     Ov Type        Size  Object(Section)

    ../clib/angel/boardlib.s                 0x00000000   Number         0  boardinit3.o ABSOLUTE
    ../clib/angel/boardlib.s                 0x00000000   Number         0  boardshut.o ABSOLUTE
    ../clib/angel/boardlib.s                 0x00000000   Number         0  boardinit1.o ABSOLUTE
    ../clib/angel/boardlib.s                 0x00000000   Number         0  boardinit2.o ABSOLUTE
    ../clib/angel/handlers.s                 0x00000000   Number         0  __scatter_copy.o ABSOLUTE
    ../clib/angel/handlers.s                 0x00000000   Number         0  __scatter_zi.o ABSOLUTE
    ../clib/angel/kernel.s                   0x00000000   Number         0  __rtentry.o ABSOLUTE
    ../clib/angel/kernel.s                   0x00000000   Number         0  __rtentry4.o ABSOLUTE
    ../clib/angel/kernel.s                   0x00000000   Number         0  rtexit2.o ABSOLUTE
    ../clib/angel/kernel.s                   0x00000000   Number         0  __rtentry2.o ABSOLUTE
    ../clib/angel/kernel.s                   0x00000000   Number         0  rtexit.o ABSOLUTE
    ../clib/angel/rt.s                       0x00000000   Number         0  rt_raise.o ABSOLUTE
    ../clib/angel/rt.s                       0x00000000   Number         0  aeabi_idiv0_sigfpe.o ABSOLUTE
    ../clib/angel/rt.s                       0x00000000   Number         0  aeabi_idiv0.o ABSOLUTE
    ../clib/angel/rt.s                       0x00000000   Number         0  rt_locale_intlibspace.o ABSOLUTE
    ../clib/angel/rt.s                       0x00000000   Number         0  rt_div0.o ABSOLUTE
    ../clib/angel/rt.s                       0x00000000   Number         0  rt_locale.o ABSOLUTE
    ../clib/angel/scatter.s                  0x00000000   Number         0  __scatter.o ABSOLUTE
    ../clib/angel/startup.s                  0x00000000   Number         0  __main.o ABSOLUTE
    ../clib/angel/sys.s                      0x00000000   Number         0  sys_stackheap_outer.o ABSOLUTE
    ../clib/angel/sys.s                      0x00000000   Number         0  libspace.o ABSOLUTE
    ../clib/angel/sys.s                      0x00000000   Number         0  indicate_semi.o ABSOLUTE
    ../clib/angel/sys.s                      0x00000000   Number         0  use_no_semi.o ABSOLUTE
    ../clib/angel/sysapp.c                   0x00000000   Number         0  sys_command.o ABSOLUTE
    ../clib/angel/sysapp.c                   0x00000000   Number         0  sys_exit.o ABSOLUTE
    ../clib/angel/sysapp.c                   0x00000000   Number         0  sys_wrch.o ABSOLUTE
    ../clib/armsys.c                         0x00000000   Number         0  argv_veneer.o ABSOLUTE
    ../clib/armsys.c                         0x00000000   Number         0  no_argv.o ABSOLUTE
    ../clib/armsys.c                         0x00000000   Number         0  _get_argv_nomalloc.o ABSOLUTE
    ../clib/armsys.c                         0x00000000   Number         0  argv_veneer.o ABSOLUTE
    ../clib/bigflt.c                         0x00000000   Number         0  bigflt0.o ABSOLUTE
    ../clib/btod.s                           0x00000000   Number         0  btod.o ABSOLUTE
    ../clib/division.s                       0x00000000   Number         0  aeabi_sdiv.o ABSOLUTE
    ../clib/division.s                       0x00000000   Number         0  rtudiv10.o ABSOLUTE
    ../clib/division.s                       0x00000000   Number         0  aeabi_sdiv_div0.o ABSOLUTE
    ../clib/divrt.s                          0x00000000   Number         0  divrt_7tdmi.o ABSOLUTE
    ../clib/divrt.s                          0x00000000   Number         0  divrt_7tdmi_div0.o ABSOLUTE
    ../clib/heapalloc.c                      0x00000000   Number         0  hrguard.o ABSOLUTE
    ../clib/heapaux.c                        0x00000000   Number         0  heapauxi.o ABSOLUTE
    ../clib/libinit.s                        0x00000000   Number         0  libshutdown.o ABSOLUTE
    ../clib/libinit.s                        0x00000000   Number         0  libshutdown2.o ABSOLUTE
    ../clib/libinit.s                        0x00000000   Number         0  libinit.o ABSOLUTE
    ../clib/libinit.s                        0x00000000   Number         0  libinit2.o ABSOLUTE
    ../clib/locale.s                         0x00000000   Number         0  lc_numeric_c.o ABSOLUTE
    ../clib/longlong.s                       0x00000000   Number         0  lludiv10.o ABSOLUTE
    ../clib/memcpset.s                       0x00000000   Number         0  strcmp.o ABSOLUTE
    ../clib/printf.c                         0x00000000   Number         0  __printf_flags_ss.o ABSOLUTE
    ../clib/printf.c                         0x00000000   Number         0  __printf_wp.o ABSOLUTE
    ../clib/printf.c                         0x00000000   Number         0  _sputc.o ABSOLUTE
    ../clib/printf.c                         0x00000000   Number         0  __printf_flags_wp.o ABSOLUTE
    ../clib/printf.c                         0x00000000   Number         0  __printf_ss_wp.o ABSOLUTE
    ../clib/printf.c                         0x00000000   Number         0  __printf_flags_ss_wp.o ABSOLUTE
    ../clib/printf.c                         0x00000000   Number         0  _printf_fp_infnan.o ABSOLUTE
    ../clib/printf.c                         0x00000000   Number         0  __printf_nopercent.o ABSOLUTE
    ../clib/printf.c                         0x00000000   Number         0  _printf_fp_dec.o ABSOLUTE
    ../clib/printf.c                         0x00000000   Number         0  _printf_char_common.o ABSOLUTE
    ../clib/printf.c                         0x00000000   Number         0  __2sprintf.o ABSOLUTE
    ../clib/printf.c                         0x00000000   Number         0  noretval__2sprintf.o ABSOLUTE
    ../clib/printf.c                         0x00000000   Number         0  __printf.o ABSOLUTE
    ../clib/printf.c                         0x00000000   Number         0  __printf_flags.o ABSOLUTE
    ../clib/printf.c                         0x00000000   Number         0  __printf_ss.o ABSOLUTE
    ../clib/printf_percent.s                 0x00000000   Number         0  _printf_f.o ABSOLUTE
    ../clib/printf_percent.s                 0x00000000   Number         0  _printf_percent.o ABSOLUTE
    ../clib/printf_percent.s                 0x00000000   Number         0  _printf_percent_end.o ABSOLUTE
    ../clib/signal.c                         0x00000000   Number         0  defsig_rtred_inner.o ABSOLUTE
    ../clib/signal.c                         0x00000000   Number         0  defsig_abrt_inner.o ABSOLUTE
    ../clib/signal.c                         0x00000000   Number         0  defsig_segv_inner.o ABSOLUTE
    ../clib/signal.c                         0x00000000   Number         0  defsig_fpe_inner.o ABSOLUTE
    ../clib/signal.c                         0x00000000   Number         0  defsig_exit.o ABSOLUTE
    ../clib/signal.c                         0x00000000   Number         0  defsig_other.o ABSOLUTE
    ../clib/signal.c                         0x00000000   Number         0  defsig_rtmem_inner.o ABSOLUTE
    ../clib/signal.c                         0x00000000   Number         0  defsig_fpe_formal.o ABSOLUTE
    ../clib/signal.c                         0x00000000   Number         0  defsig_fpe_outer.o ABSOLUTE
    ../clib/signal.c                         0x00000000   Number         0  defsig_stak_inner.o ABSOLUTE
    ../clib/signal.c                         0x00000000   Number         0  defsig_rtmem_formal.o ABSOLUTE
    ../clib/signal.c                         0x00000000   Number         0  defsig_pvfn_inner.o ABSOLUTE
    ../clib/signal.c                         0x00000000   Number         0  defsig_rtmem_outer.o ABSOLUTE
    ../clib/signal.c                         0x00000000   Number         0  defsig_general.o ABSOLUTE
    ../clib/signal.c                         0x00000000   Number         0  __raise.o ABSOLUTE
    ../clib/signal.c                         0x00000000   Number         0  defsig_cppl_inner.o ABSOLUTE
    ../clib/signal.s                         0x00000000   Number         0  defsig.o ABSOLUTE
    ../clib/stdlib.c                         0x00000000   Number         0  exit.o ABSOLUTE
    ../fplib/d2f.s                           0x00000000   Number         0  d2f.o ABSOLUTE
    ../fplib/dmul.s                          0x00000000   Number         0  dmul.o ABSOLUTE
    ../fplib/dnaninf.s                       0x00000000   Number         0  dnaninf.o ABSOLUTE
    ../fplib/dretinf.s                       0x00000000   Number         0  dretinf.o ABSOLUTE
    ../fplib/f2d.s                           0x00000000   Number         0  f2d.o ABSOLUTE
    ../fplib/fflt.s                          0x00000000   Number         0  fflt_noclz.o ABSOLUTE
    ../fplib/fnaninf.s                       0x00000000   Number         0  fnaninf.o ABSOLUTE
    ../fplib/fpinit.s                        0x00000000   Number         0  fpinit.o ABSOLUTE
    ../fplib/fretinf.s                       0x00000000   Number         0  fretinf.o ABSOLUTE
    ../fplib/istatus.s                       0x00000000   Number         0  istatus.o ABSOLUTE
    ../fplib/printf1.s                       0x00000000   Number         0  printf1.o ABSOLUTE
    ../fplib/usenofp.s                       0x00000000   Number         0  usenofp.o ABSOLUTE
    ../mathlib/fpclassify.c                  0x00000000   Number         0  fpclassify.o ABSOLUTE
    SAM7.s                                   0x00000000   Number         0  sam7.o ABSOLUTE
    dc.s                                     0x00000000   Number         0  dc.o ABSOLUTE
    lm35.c                                   0x00000000   Number         0  lm35.o ABSOLUTE
    RESET                                    0x00100000   Section      332  sam7.o(RESET)
    Undef_Handler                            0x00100040   ARM Code       4  sam7.o(RESET)
    SWI_Handler                              0x00100044   ARM Code       4  sam7.o(RESET)
    PAbt_Handler                             0x00100048   ARM Code       4  sam7.o(RESET)
    DAbt_Handler                             0x0010004c   ARM Code       4  sam7.o(RESET)
    IRQ_Handler                              0x00100050   ARM Code       4  sam7.o(RESET)
    FIQ_Handler                              0x00100054   ARM Code       4  sam7.o(RESET)
    !!!main                                  0x0010014c   Section        8  __main.o(!!!main)
    !!!scatter                               0x00100154   Section       60  __scatter.o(!!!scatter)
    !!handler_copy                           0x00100190   Section       40  __scatter_copy.o(!!handler_copy)
    !!handler_zi                             0x001001b8   Section       44  __scatter_zi.o(!!handler_zi)
    .ARM.Collect$$_printf_percent$$00000000  0x001001e8   Section        0  _printf_percent.o(.ARM.Collect$$_printf_percent$$00000000)
    .ARM.Collect$$_printf_percent$$00000003  0x001001e8   Section        8  _printf_f.o(.ARM.Collect$$_printf_percent$$00000003)
    .ARM.Collect$$_printf_percent$$00000017  0x001001f0   Section        8  _printf_percent_end.o(.ARM.Collect$$_printf_percent$$00000017)
    .ARM.Collect$$libinit$$00000000          0x00100200   Section        2  libinit.o(.ARM.Collect$$libinit$$00000000)
    .ARM.Collect$$libinit$$00000002          0x00100202   Section        0  libinit2.o(.ARM.Collect$$libinit$$00000002)
    .ARM.Collect$$libinit$$00000004          0x00100202   Section        0  libinit2.o(.ARM.Collect$$libinit$$00000004)
    .ARM.Collect$$libinit$$0000000A          0x00100202   Section        0  libinit2.o(.ARM.Collect$$libinit$$0000000A)
    .ARM.Collect$$libinit$$0000000C          0x00100202   Section        0  libinit2.o(.ARM.Collect$$libinit$$0000000C)
    .ARM.Collect$$libinit$$0000000E          0x00100202   Section        0  libinit2.o(.ARM.Collect$$libinit$$0000000E)
    .ARM.Collect$$libinit$$0000000F          0x00100202   Section        6  libinit2.o(.ARM.Collect$$libinit$$0000000F)
    .ARM.Collect$$libinit$$00000011          0x00100208   Section        0  libinit2.o(.ARM.Collect$$libinit$$00000011)
    .ARM.Collect$$libinit$$00000013          0x00100208   Section        0  libinit2.o(.ARM.Collect$$libinit$$00000013)
    .ARM.Collect$$libinit$$00000015          0x00100208   Section        0  libinit2.o(.ARM.Collect$$libinit$$00000015)
    .ARM.Collect$$libinit$$00000016          0x00100208   Section       10  libinit2.o(.ARM.Collect$$libinit$$00000016)
    .ARM.Collect$$libinit$$00000017          0x00100212   Section        0  libinit2.o(.ARM.Collect$$libinit$$00000017)
    .ARM.Collect$$libinit$$00000019          0x00100212   Section        0  libinit2.o(.ARM.Collect$$libinit$$00000019)
    .ARM.Collect$$libinit$$0000001B          0x00100212   Section        0  libinit2.o(.ARM.Collect$$libinit$$0000001B)
    .ARM.Collect$$libinit$$0000001D          0x00100212   Section        0  libinit2.o(.ARM.Collect$$libinit$$0000001D)
    .ARM.Collect$$libinit$$0000001F          0x00100212   Section        0  libinit2.o(.ARM.Collect$$libinit$$0000001F)
    .ARM.Collect$$libinit$$00000021          0x00100212   Section        0  libinit2.o(.ARM.Collect$$libinit$$00000021)
    .ARM.Collect$$libinit$$00000023          0x00100212   Section        0  libinit2.o(.ARM.Collect$$libinit$$00000023)
    .ARM.Collect$$libinit$$00000025          0x00100212   Section        0  libinit2.o(.ARM.Collect$$libinit$$00000025)
    .ARM.Collect$$libinit$$0000002C          0x00100212   Section        0  libinit2.o(.ARM.Collect$$libinit$$0000002C)
    .ARM.Collect$$libinit$$0000002E          0x00100212   Section        0  libinit2.o(.ARM.Collect$$libinit$$0000002E)
    .ARM.Collect$$libinit$$00000030          0x00100212   Section        0  libinit2.o(.ARM.Collect$$libinit$$00000030)
    .ARM.Collect$$libinit$$00000032          0x00100212   Section        0  libinit2.o(.ARM.Collect$$libinit$$00000032)
    .ARM.Collect$$libinit$$00000033          0x00100212   Section       12  libinit2.o(.ARM.Collect$$libinit$$00000033)
    .ARM.Collect$$libshutdown$$00000000      0x00100228   Section        4  libshutdown.o(.ARM.Collect$$libshutdown$$00000000)
    .ARM.Collect$$libshutdown$$00000002      0x0010022c   Section        0  libshutdown2.o(.ARM.Collect$$libshutdown$$00000002)
    .ARM.Collect$$libshutdown$$00000004      0x0010022c   Section        0  libshutdown2.o(.ARM.Collect$$libshutdown$$00000004)
    .ARM.Collect$$libshutdown$$00000007      0x0010022c   Section        0  libshutdown2.o(.ARM.Collect$$libshutdown$$00000007)
    .ARM.Collect$$libshutdown$$0000000A      0x0010022c   Section        0  libshutdown2.o(.ARM.Collect$$libshutdown$$0000000A)
    .ARM.Collect$$libshutdown$$0000000C      0x0010022c   Section        0  libshutdown2.o(.ARM.Collect$$libshutdown$$0000000C)
    .ARM.Collect$$libshutdown$$0000000F      0x0010022c   Section        0  libshutdown2.o(.ARM.Collect$$libshutdown$$0000000F)
    .ARM.Collect$$libshutdown$$00000010      0x0010022c   Section        6  libshutdown2.o(.ARM.Collect$$libshutdown$$00000010)
    .ARM.Collect$$rtentry$$00000000          0x00100234   Section        0  __rtentry.o(.ARM.Collect$$rtentry$$00000000)
    .ARM.Collect$$rtentry$$00000002          0x00100234   Section        0  __rtentry2.o(.ARM.Collect$$rtentry$$00000002)
    .ARM.Collect$$rtentry$$00000004          0x00100234   Section        8  __rtentry4.o(.ARM.Collect$$rtentry$$00000004)
    .ARM.Collect$$rtentry$$00000009          0x0010023c   Section        0  __rtentry2.o(.ARM.Collect$$rtentry$$00000009)
    .ARM.Collect$$rtentry$$0000000A          0x0010023c   Section        4  __rtentry2.o(.ARM.Collect$$rtentry$$0000000A)
    .ARM.Collect$$rtentry$$0000000C          0x00100240   Section        0  __rtentry2.o(.ARM.Collect$$rtentry$$0000000C)
    .ARM.Collect$$rtentry$$0000000D          0x00100240   Section       40  __rtentry2.o(.ARM.Collect$$rtentry$$0000000D)
    .ARM.Collect$$rtexit$$00000000           0x0010026c   Section        4  rtexit.o(.ARM.Collect$$rtexit$$00000000)
    .ARM.Collect$$rtexit$$00000002           0x00100270   Section        0  rtexit2.o(.ARM.Collect$$rtexit$$00000002)
    .ARM.Collect$$rtexit$$00000003           0x00100270   Section        4  rtexit2.o(.ARM.Collect$$rtexit$$00000003)
    .ARM.Collect$$rtexit$$00000004           0x00100274   Section        8  rtexit2.o(.ARM.Collect$$rtexit$$00000004)
    .text                                    0x0010027c   Section       32  sam7.o(.text)
    .text                                    0x001002a4   Section        0  noretval__2sprintf.o(.text)
    .text                                    0x001002cc   Section        0  __printf.o(.text)
    .text                                    0x00100348   Section      384  aeabi_sdiv.o(.text)
    __arm_div8                               0x00100374   ARM Code       0  aeabi_sdiv.o(.text)
    __arm_div5                               0x00100398   ARM Code       0  aeabi_sdiv.o(.text)
    __arm_div2                               0x001003bc   ARM Code       0  aeabi_sdiv.o(.text)
    __arm_div_large                          0x001003f8   ARM Code       0  aeabi_sdiv.o(.text)
    .text                                    0x001004c8   Section        0  heapauxi.o(.text)
    .text                                    0x001004d0   Section        0  _printf_fp_dec.o(.text)
    _fp_digits                               0x001004d3   Thumb Code   410  _printf_fp_dec.o(.text)
    .text                                    0x001008ec   Section        0  _printf_char_common.o(.text)
    _printf_input_char                       0x001008ed   Thumb Code    10  _printf_char_common.o(.text)
    .text                                    0x0010091c   Section        0  _sputc.o(.text)
    .text                                    0x0010092c   Section       12  rt_locale_intlibspace.o(.text)
    .text                                    0x0010093c   Section      160  lludiv10.o(.text)
    .text                                    0x001009dc   Section        0  _printf_fp_infnan.o(.text)
    .text                                    0x00100a6c   Section        0  bigflt0.o(.text)
    .text                                    0x00100b44   Section       44  rtudiv10.o(.text)
    .text                                    0x00100b70   Section       12  libspace.o(.text)
    .text                                    0x00100b7c   Section       96  sys_stackheap_outer.o(.text)
    .text                                    0x00100bdc   Section        0  exit.o(.text)
    .text                                    0x00100bf0   Section      244  strcmp.o(.text)
    .text                                    0x00100cec   Section        0  sys_exit.o(.text)
    .text                                    0x00100cf8   Section        4  use_no_semi.o(.text)
    .text                                    0x00100cfc   Section        0  indicate_semi.o(.text)
    .text_udiv                               0x00100cfc   Section       36  aeabi_sdiv.o(.text_udiv)
    CL$$btod_d2e                             0x00100d24   Section       56  btod.o(CL$$btod_d2e)
    CL$$btod_d2e_denorm_low                  0x00100d5c   Section       84  btod.o(CL$$btod_d2e_denorm_low)
    CL$$btod_d2e_norm_op1                    0x00100db0   Section      104  btod.o(CL$$btod_d2e_norm_op1)
    CL$$btod_div_common                      0x00100e18   Section      844  btod.o(CL$$btod_div_common)
    CL$$btod_e2e                             0x00101164   Section      220  btod.o(CL$$btod_e2e)
    CL$$btod_ediv                            0x00101244   Section       52  btod.o(CL$$btod_ediv)
    CL$$btod_emul                            0x0010127c   Section       52  btod.o(CL$$btod_emul)
    CL$$btod_mult_common                     0x001012b0   Section      616  btod.o(CL$$btod_mult_common)
    i.__ARM_common_call_via_r1               0x00101524   Section        0  __printf.o(i.__ARM_common_call_via_r1)
    i.__ARM_common_call_via_r2               0x00101526   Section        0  __printf.o(i.__ARM_common_call_via_r2)
    i.__ARM_fpclassify                       0x0010152c   Section        0  fpclassify.o(i.__ARM_fpclassify)
    i.config_adc                             0x0010155c   Section        0  lm35.o(i.config_adc)
    i.cwait                                  0x0010158c   Section        0  lm35.o(i.cwait)
    i.delay_ms                               0x001015b4   Section        0  lm35.o(i.delay_ms)
    i.lcd_clear                              0x0010163c   Section        0  lm35.o(i.lcd_clear)
    i.lcd_command                            0x00101668   Section        0  lm35.o(i.lcd_command)
    i.lcd_gotoxy                             0x001016e0   Section        0  lm35.o(i.lcd_gotoxy)
    i.lcd_init                               0x00101774   Section        0  lm35.o(i.lcd_init)
    i.lcd_putchar                            0x00101840   Section        0  lm35.o(i.lcd_putchar)
    i.lcd_putsf                              0x001018b8   Section        0  lm35.o(i.lcd_putsf)
    i.main                                   0x001018f8   Section        0  lm35.o(i.main)
    i.read_adc                               0x001019f4   Section        0  lm35.o(i.read_adc)
    i.setD4567                               0x00101bfc   Section        0  lm35.o(i.setD4567)
    i.start_adc                              0x00101c68   Section        0  lm35.o(i.start_adc)
    locale$$code                             0x00101c80   Section       80  lc_numeric_c.o(locale$$code)
    x$fpl$d2f                                0x00101cd0   Section      108  d2f.o(x$fpl$d2f)
    x$fpl$dmul                               0x00101d3c   Section      384  dmul.o(x$fpl$dmul)
    x$fpl$dnaninf                            0x00101ebc   Section      192  dnaninf.o(x$fpl$dnaninf)
    x$fpl$dretinf                            0x00101f7c   Section       16  dretinf.o(x$fpl$dretinf)
    x$fpl$f2d                                0x00101f8c   Section      100  f2d.o(x$fpl$f2d)
    x$fpl$fflt                               0x00101ff0   Section       92  fflt_noclz.o(x$fpl$fflt)
    x$fpl$ffltu                              0x0010204c   Section        8  fflt_noclz.o(x$fpl$ffltu)
    x$fpl$fnaninf                            0x00102054   Section      168  fnaninf.o(x$fpl$fnaninf)
    x$fpl$fretinf                            0x001020fc   Section       16  fretinf.o(x$fpl$fretinf)
    x$fpl$ieeestatus                         0x00102110   Section        8  istatus.o(x$fpl$ieeestatus)
    x$fpl$printf1                            0x00102118   Section        4  printf1.o(x$fpl$printf1)
    .constdata                               0x0010211c   Section      148  bigflt0.o(.constdata)
    x$fpl$usenofp                            0x0010211c   Section        0  usenofp.o(x$fpl$usenofp)
    tenpwrs_x                                0x0010211c   Data          60  bigflt0.o(.constdata)
    tenpwrs_i                                0x00102158   Data          64  bigflt0.o(.constdata)
    locale$$data                             0x001021d0   Section       28  lc_numeric_c.o(locale$$data)
    __lcnum_c_name                           0x001021d4   Data           2  lc_numeric_c.o(locale$$data)
    __lcnum_c_start                          0x001021dc   Data           0  lc_numeric_c.o(locale$$data)
    __lcnum_c_point                          0x001021e8   Data           0  lc_numeric_c.o(locale$$data)
    __lcnum_c_thousands                      0x001021ea   Data           0  lc_numeric_c.o(locale$$data)
    __lcnum_c_grouping                       0x001021eb   Data           0  lc_numeric_c.o(locale$$data)
    __lcnum_c_end                            0x001021ec   Data           0  lc_numeric_c.o(locale$$data)
    .data                                    0x00200000   Section       20  lm35.o(.data)
    .bss                                     0x00200014   Section       96  libspace.o(.bss)
    HEAP                                     0x00200078   Section        0  sam7.o(HEAP)
    STACK                                    0x00200078   Section     1160  sam7.o(STACK)
    Heap_Mem                                 0x00200078   Data           0  sam7.o(HEAP)
    Stack_Mem                                0x00200078   Data        1024  sam7.o(STACK)
    Stack_Top                                0x00200500   Data           0  sam7.o(STACK)

    Global Symbols

    Symbol Name                              Value     Ov Type        Size  Object(Section)

    BuildAttributes$$THM_ISAv1$ARM_ISAv4$S$PE$A:L22$X:L11$S22$IEEE1$IW$USESV6$~STKCKD$USESV7$~SHL$OTIME$ROPI$IEEEJ$EBA8$UX$STANDARDLIB$REQ8$PRES8$EABIv2 0x00000000   Number         0  anon$$obj.o ABSOLUTE
    __ARM_use_no_argv                        0x00000000   Number         0  lm35.o ABSOLUTE
    __ARM_exceptions_init                     - Undefined Weak Reference
    __alloca_initialize                       - Undefined Weak Reference
    __arm_preinit_                            - Undefined Weak Reference
    __cpp_initialize__aeabi_                  - Undefined Weak Reference
    __cxa_finalize                            - Undefined Weak Reference
    __sigvec_lookup                           - Undefined Weak Reference
    _atexit_init                              - Undefined Weak Reference
    _call_atexit_fns                          - Undefined Weak Reference
    _clock_init                               - Undefined Weak Reference
    _fp_trap_init                             - Undefined Weak Reference
    _fp_trap_shutdown                         - Undefined Weak Reference
    _get_lc_collate                           - Undefined Weak Reference
    _get_lc_ctype                             - Undefined Weak Reference
    _get_lc_monetary                          - Undefined Weak Reference
    _get_lc_time                              - Undefined Weak Reference
    _getenv_init                              - Undefined Weak Reference
    _handle_redirection                       - Undefined Weak Reference
    _init_alloc                               - Undefined Weak Reference
    _init_user_alloc                          - Undefined Weak Reference
    _initio                                   - Undefined Weak Reference
    _printf_post_padding                      - Undefined Weak Reference
    _printf_pre_padding                       - Undefined Weak Reference
    _rand_init                                - Undefined Weak Reference
    _signal_finish                            - Undefined Weak Reference
    _signal_init                              - Undefined Weak Reference
    _terminate_alloc                          - Undefined Weak Reference
    _terminate_user_alloc                     - Undefined Weak Reference
    _terminateio                              - Undefined Weak Reference
    Reset_Handler                            0x00100058   ARM Code       0  sam7.o(RESET)
    __main                                   0x0010014c   ARM Code       8  __main.o(!!!main)
    __scatterload                            0x00100154   ARM Code       0  __scatter.o(!!!scatter)
    __scatterload_rt2                        0x00100154   ARM Code      52  __scatter.o(!!!scatter)
    __scatterload_null                       0x00100168   ARM Code       0  __scatter.o(!!!scatter)
    __scatterload_copy                       0x00100190   ARM Code      40  __scatter_copy.o(!!handler_copy)
    __scatterload_zeroinit                   0x001001b8   ARM Code      44  __scatter_zi.o(!!handler_zi)
    Inline Thumb to ARM Veneer to _printf_percent 0x001001e5   Thumb Code     4  _printf_percent.o(.ARM.Collect$$_printf_percent$$00000000)
    _printf_f                                0x001001e8   ARM Code       0  _printf_f.o(.ARM.Collect$$_printf_percent$$00000003)
    _printf_percent                          0x001001e8   ARM Code       0  _printf_percent.o(.ARM.Collect$$_printf_percent$$00000000)
    _printf_percent_end                      0x001001f0   ARM Code       0  _printf_percent_end.o(.ARM.Collect$$_printf_percent$$00000017)
    Inline ARM to Thumb Veneer to __rt_lib_init 0x001001f8   ARM Code       8  libinit.o(.ARM.Collect$$libinit$$00000000)
    __rt_lib_init                            0x00100201   Thumb Code     0  libinit.o(.ARM.Collect$$libinit$$00000000)
    __rt_lib_init_fp_1                       0x00100203   Thumb Code     0  libinit2.o(.ARM.Collect$$libinit$$00000002)
    __rt_lib_init_heap_1                     0x00100203   Thumb Code     0  libinit2.o(.ARM.Collect$$libinit$$0000000A)
    __rt_lib_init_lc_common                  0x00100203   Thumb Code     0  libinit2.o(.ARM.Collect$$libinit$$0000000F)
    __rt_lib_init_preinit_1                  0x00100203   Thumb Code     0  libinit2.o(.ARM.Collect$$libinit$$00000004)
    __rt_lib_init_rand_1                     0x00100203   Thumb Code     0  libinit2.o(.ARM.Collect$$libinit$$0000000E)
    __rt_lib_init_user_alloc_1               0x00100203   Thumb Code     0  libinit2.o(.ARM.Collect$$libinit$$0000000C)
    __rt_lib_init_lc_collate_1               0x00100209   Thumb Code     0  libinit2.o(.ARM.Collect$$libinit$$00000011)
    __rt_lib_init_lc_ctype_1                 0x00100209   Thumb Code     0  libinit2.o(.ARM.Collect$$libinit$$00000013)
    __rt_lib_init_lc_monetary_1              0x00100209   Thumb Code     0  libinit2.o(.ARM.Collect$$libinit$$00000015)
    __rt_lib_init_lc_numeric_2               0x00100209   Thumb Code     0  libinit2.o(.ARM.Collect$$libinit$$00000016)
    __rt_lib_init_alloca_1                   0x00100213   Thumb Code     0  libinit2.o(.ARM.Collect$$libinit$$0000002E)
    __rt_lib_init_argv_1                     0x00100213   Thumb Code     0  libinit2.o(.ARM.Collect$$libinit$$0000002C)
    __rt_lib_init_atexit_1                   0x00100213   Thumb Code     0  libinit2.o(.ARM.Collect$$libinit$$0000001B)
    __rt_lib_init_clock_1                    0x00100213   Thumb Code     0  libinit2.o(.ARM.Collect$$libinit$$00000021)
    __rt_lib_init_cpp_1                      0x00100213   Thumb Code     0  libinit2.o(.ARM.Collect$$libinit$$00000032)
    __rt_lib_init_exceptions_1               0x00100213   Thumb Code     0  libinit2.o(.ARM.Collect$$libinit$$00000030)
    __rt_lib_init_fp_trap_1                  0x00100213   Thumb Code     0  libinit2.o(.ARM.Collect$$libinit$$0000001F)
    __rt_lib_init_getenv_1                   0x00100213   Thumb Code     0  libinit2.o(.ARM.Collect$$libinit$$00000023)
    __rt_lib_init_lc_numeric_1               0x00100213   Thumb Code     0  libinit2.o(.ARM.Collect$$libinit$$00000017)
    __rt_lib_init_lc_time_1                  0x00100213   Thumb Code     0  libinit2.o(.ARM.Collect$$libinit$$00000019)
    __rt_lib_init_return                     0x00100213   Thumb Code     0  libinit2.o(.ARM.Collect$$libinit$$00000033)
    __rt_lib_init_signal_1                   0x00100213   Thumb Code     0  libinit2.o(.ARM.Collect$$libinit$$0000001D)
    __rt_lib_init_stdio_1                    0x00100213   Thumb Code     0  libinit2.o(.ARM.Collect$$libinit$$00000025)
    Inline ARM to Thumb Veneer to __rt_lib_shutdown 0x00100220   ARM Code       8  libshutdown.o(.ARM.Collect$$libshutdown$$00000000)
    __rt_lib_shutdown                        0x00100229   Thumb Code     0  libshutdown.o(.ARM.Collect$$libshutdown$$00000000)
    __rt_lib_shutdown_cpp_1                  0x0010022d   Thumb Code     0  libshutdown2.o(.ARM.Collect$$libshutdown$$00000002)
    __rt_lib_shutdown_fp_trap_1              0x0010022d   Thumb Code     0  libshutdown2.o(.ARM.Collect$$libshutdown$$00000007)
    __rt_lib_shutdown_heap_1                 0x0010022d   Thumb Code     0  libshutdown2.o(.ARM.Collect$$libshutdown$$0000000F)
    __rt_lib_shutdown_return                 0x0010022d   Thumb Code     0  libshutdown2.o(.ARM.Collect$$libshutdown$$00000010)
    __rt_lib_shutdown_signal_1               0x0010022d   Thumb Code     0  libshutdown2.o(.ARM.Collect$$libshutdown$$0000000A)
    __rt_lib_shutdown_stdio_1                0x0010022d   Thumb Code     0  libshutdown2.o(.ARM.Collect$$libshutdown$$00000004)
    __rt_lib_shutdown_user_alloc_1           0x0010022d   Thumb Code     0  libshutdown2.o(.ARM.Collect$$libshutdown$$0000000C)
    __rt_entry                               0x00100234   ARM Code       0  __rtentry.o(.ARM.Collect$$rtentry$$00000000)
    __rt_entry_presh_1                       0x00100234   ARM Code       0  __rtentry2.o(.ARM.Collect$$rtentry$$00000002)
    __rt_entry_sh                            0x00100234   ARM Code       0  __rtentry4.o(.ARM.Collect$$rtentry$$00000004)
    __rt_entry_li                            0x0010023c   ARM Code       0  __rtentry2.o(.ARM.Collect$$rtentry$$0000000A)
    __rt_entry_postsh_1                      0x0010023c   ARM Code       0  __rtentry2.o(.ARM.Collect$$rtentry$$00000009)
    __rt_entry_main                          0x00100240   ARM Code       0  __rtentry2.o(.ARM.Collect$$rtentry$$0000000D)
    __rt_entry_postli_1                      0x00100240   ARM Code       0  __rtentry2.o(.ARM.Collect$$rtentry$$0000000C)
    Inline Thumb to ARM Veneer to __rt_exit  0x00100269   Thumb Code     4  rtexit.o(.ARM.Collect$$rtexit$$00000000)
    __rt_exit                                0x0010026c   ARM Code       0  rtexit.o(.ARM.Collect$$rtexit$$00000000)
    __rt_exit_ls                             0x00100270   ARM Code       0  rtexit2.o(.ARM.Collect$$rtexit$$00000003)
    __rt_exit_prels_1                        0x00100270   ARM Code       0  rtexit2.o(.ARM.Collect$$rtexit$$00000002)
    __rt_exit_exit                           0x00100274   ARM Code       0  rtexit2.o(.ARM.Collect$$rtexit$$00000004)
    __user_initial_stackheap                 0x0010027c   ARM Code       0  sam7.o(.text)
    Inline ARM to Thumb Veneer to __2sprintf 0x0010029c   ARM Code       8  noretval__2sprintf.o(.text)
    __2sprintf                               0x001002a5   Thumb Code    36  noretval__2sprintf.o(.text)
    __printf                                 0x001002cd   Thumb Code   118  __printf.o(.text)
    Inline Thumb to ARM Veneer to __aeabi_idivmod 0x00100345   Thumb Code     4  aeabi_sdiv.o(.text)
    __aeabi_idiv                             0x00100348   ARM Code       0  aeabi_sdiv.o(.text)
    __aeabi_idivmod                          0x00100348   ARM Code     384  aeabi_sdiv.o(.text)
    __use_two_region_memory                  0x001004c9   Thumb Code     2  heapauxi.o(.text)
    __rt_heap_escrow$2region                 0x001004cb   Thumb Code     2  heapauxi.o(.text)
    __rt_heap_expand$2region                 0x001004cd   Thumb Code     2  heapauxi.o(.text)
    __lib_sel_fp_printf                      0x001004d1   Thumb Code     2  _printf_fp_dec.o(.text)
    _printf_fp_dec_real                      0x0010066d   Thumb Code   628  _printf_fp_dec.o(.text)
    _printf_char_common                      0x001008f7   Thumb Code    34  _printf_char_common.o(.text)
    _sputc                                   0x0010091d   Thumb Code    10  _sputc.o(.text)
    Inline Thumb to ARM Veneer to __rt_locale 0x00100929   Thumb Code     4  rt_locale_intlibspace.o(.text)
    __rt_locale                              0x0010092c   ARM Code      12  rt_locale_intlibspace.o(.text)
    Inline Thumb to ARM Veneer to _ll_udiv10 0x00100939   Thumb Code     4  lludiv10.o(.text)
    _ll_udiv10                               0x0010093c   ARM Code     160  lludiv10.o(.text)
    _printf_fp_infnan                        0x001009dd   Thumb Code   128  _printf_fp_infnan.o(.text)
    _btod_etento                             0x00100a6d   Thumb Code   206  bigflt0.o(.text)
    Inline Thumb to ARM Veneer to __rt_udiv10 0x00100b41   Thumb Code     4  rtudiv10.o(.text)
    __rt_udiv10                              0x00100b44   ARM Code      44  rtudiv10.o(.text)
    __user_libspace                          0x00100b70   ARM Code      12  libspace.o(.text)
    __user_perproc_libspace                  0x00100b70   ARM Code       0  libspace.o(.text)
    __user_perthread_libspace                0x00100b70   ARM Code       0  libspace.o(.text)
    __user_setup_stackheap                   0x00100b7c   ARM Code      96  sys_stackheap_outer.o(.text)
    exit                                     0x00100bdd   Thumb Code    20  exit.o(.text)
    strcmp                                   0x00100bf0   ARM Code     240  strcmp.o(.text)
    Inline ARM to Thumb Veneer to _sys_exit  0x00100ce4   ARM Code       8  sys_exit.o(.text)
    _sys_exit                                0x00100ced   Thumb Code     8  sys_exit.o(.text)
    __I$use$semihosting                      0x00100cf8   ARM Code       0  use_no_semi.o(.text)
    __use_no_semihosting_swi                 0x00100cf8   ARM Code       4  use_no_semi.o(.text)
    __aeabi_uidiv                            0x00100cfc   ARM Code       0  aeabi_sdiv.o(.text_udiv)
    __aeabi_uidivmod                         0x00100cfc   ARM Code      36  aeabi_sdiv.o(.text_udiv)
    __semihosting_library_function           0x00100cfc   ARM Code       0  indicate_semi.o(.text)
    Inline Thumb to ARM Veneer to _btod_d2e  0x00100d21   Thumb Code     4  btod.o(CL$$btod_d2e)
    _btod_d2e                                0x00100d24   ARM Code      56  btod.o(CL$$btod_d2e)
    _d2e_denorm_low                          0x00100d5c   ARM Code      84  btod.o(CL$$btod_d2e_denorm_low)
    _d2e_norm_op1                            0x00100db0   ARM Code     104  btod.o(CL$$btod_d2e_norm_op1)
    __btod_div_common                        0x00100e18   ARM Code     716  btod.o(CL$$btod_div_common)
    _e2e                                     0x00101164   ARM Code     220  btod.o(CL$$btod_e2e)
    Inline Thumb to ARM Veneer to _btod_ediv 0x00101241   Thumb Code     4  btod.o(CL$$btod_ediv)
    _btod_ediv                               0x00101244   ARM Code      52  btod.o(CL$$btod_ediv)
    Inline Thumb to ARM Veneer to _btod_emul 0x00101279   Thumb Code     4  btod.o(CL$$btod_emul)
    _btod_emul                               0x0010127c   ARM Code      52  btod.o(CL$$btod_emul)
    __btod_mult_common                       0x001012b0   ARM Code     616  btod.o(CL$$btod_mult_common)
    Long ARM to Thumb Veneer to _printf_fp_dec_real 0x00101518   ARM Code      12  anon$$obj.o(Veneer$$Code)
    __ARM_common_call_via_r1                 0x00101525   Thumb Code     2  __printf.o(i.__ARM_common_call_via_r1)
    __ARM_common_call_via_r2                 0x00101527   Thumb Code     2  __printf.o(i.__ARM_common_call_via_r2)
    Inline Thumb to ARM Veneer to __ARM_fpclassify 0x00101529   Thumb Code     4  fpclassify.o(i.__ARM_fpclassify)
    __ARM_fpclassify                         0x0010152c   ARM Code      48  fpclassify.o(i.__ARM_fpclassify)
    config_adc                               0x0010155c   ARM Code      40  lm35.o(i.config_adc)
    cwait                                    0x0010158c   ARM Code      40  lm35.o(i.cwait)
    delay_ms                                 0x001015b4   ARM Code     120  lm35.o(i.delay_ms)
    lcd_clear                                0x0010163c   ARM Code      44  lm35.o(i.lcd_clear)
    lcd_command                              0x00101668   ARM Code     120  lm35.o(i.lcd_command)
    lcd_gotoxy                               0x001016e0   ARM Code     148  lm35.o(i.lcd_gotoxy)
    lcd_init                                 0x00101774   ARM Code     204  lm35.o(i.lcd_init)
    lcd_putchar                              0x00101840   ARM Code     120  lm35.o(i.lcd_putchar)
    lcd_putsf                                0x001018b8   ARM Code      64  lm35.o(i.lcd_putsf)
    main                                     0x001018f8   ARM Code     220  lm35.o(i.main)
    read_adc                                 0x001019f4   ARM Code     512  lm35.o(i.read_adc)
    setD4567                                 0x00101bfc   ARM Code     108  lm35.o(i.setD4567)
    start_adc                                0x00101c68   ARM Code      16  lm35.o(i.start_adc)
    Inline Thumb to ARM Veneer to _get_lc_numeric 0x00101c7d   Thumb Code     4  lc_numeric_c.o(locale$$code)
    _get_lc_numeric                          0x00101c80   ARM Code      80  lc_numeric_c.o(locale$$code)
    __aeabi_d2f                              0x00101cd0   ARM Code       0  d2f.o(x$fpl$d2f)
    _d2f                                     0x00101cd0   ARM Code     108  d2f.o(x$fpl$d2f)
    __aeabi_dmul                             0x00101d3c   ARM Code       0  dmul.o(x$fpl$dmul)
    _dmul                                    0x00101d3c   ARM Code     372  dmul.o(x$fpl$dmul)
    __fpl_dnaninf                            0x00101ebc   ARM Code     192  dnaninf.o(x$fpl$dnaninf)
    __fpl_dretinf                            0x00101f7c   ARM Code      16  dretinf.o(x$fpl$dretinf)
    __aeabi_f2d                              0x00101f8c   ARM Code       0  f2d.o(x$fpl$f2d)
    _f2d                                     0x00101f8c   ARM Code     100  f2d.o(x$fpl$f2d)
    __aeabi_i2f                              0x00101ff0   ARM Code       0  fflt_noclz.o(x$fpl$fflt)
    _fflt                                    0x00101ff0   ARM Code      92  fflt_noclz.o(x$fpl$fflt)
    __fflt_normalise                         0x00101ffc   ARM Code       0  fflt_noclz.o(x$fpl$fflt)
    __aeabi_ui2f                             0x0010204c   ARM Code       0  fflt_noclz.o(x$fpl$ffltu)
    _ffltu                                   0x0010204c   ARM Code       8  fflt_noclz.o(x$fpl$ffltu)
    __fpl_fnaninf                            0x00102054   ARM Code     168  fnaninf.o(x$fpl$fnaninf)
    __fpl_fretinf                            0x001020fc   ARM Code      16  fretinf.o(x$fpl$fretinf)
    Inline Thumb to ARM Veneer to __ieee_status 0x0010210d   Thumb Code     4  istatus.o(x$fpl$ieeestatus)
    __ieee_status                            0x00102110   ARM Code       8  istatus.o(x$fpl$ieeestatus)
    _printf_fp_dec                           0x00102118   ARM Code       4  printf1.o(x$fpl$printf1)
    __I$use$fp                               0x0010211c   Number         0  usenofp.o(x$fpl$usenofp)
    Region$$Table$$Base                      0x001021b0   Number         0  anon$$obj.o(Region$$Table)
    Region$$Table$$Limit                     0x001021d0   Number         0  anon$$obj.o(Region$$Table)
    port_data                                0x00200000   Data           4  lm35.o(.data)
    crystal                                  0x00200004   Data           4  lm35.o(.data)
    x                                        0x00200008   Data           4  lm35.o(.data)
    y                                        0x0020000c   Data           4  lm35.o(.data)
    adc_data                                 0x00200010   Data           4  lm35.o(.data)
    __libspace_start                         0x00200014   Data          96  libspace.o(.bss)
    __temporary_stack_top$libspace           0x00200074   Data           0  libspace.o(.bss)



==============================================================================

Memory Map of the image

  Image Entry point : 0x0010014c

  Load Region LR_IROM1 (Base: 0x00100000, Size: 0x00002200, Max: 0x00040000, ABSOLUTE)

    Execution Region ER_IROM1 (Base: 0x00100000, Size: 0x000021ec, Max: 0x00040000, ABSOLUTE)

    Base Addr    Size         Type   Attr      Idx    E Section Name        Object

    0x00100000   0x0000014c   Code   RO            3    RESET               sam7.o
    0x0010014c   0x00000008   Code   RO          237  * !!!main             c_t.l(__main.o)
    0x00100154   0x0000003c   Code   RO          483    !!!scatter          c_t.l(__scatter.o)
    0x00100190   0x00000028   Code   RO          485    !!handler_copy      c_t.l(__scatter_copy.o)
    0x001001b8   0x0000002c   Code   RO          487    !!handler_zi        c_t.l(__scatter_zi.o)
    0x001001e4   0x00000004   Ven    RO          218    .ARM.Collect$$_printf_percent$$00000000  c_t.l(_printf_percent.o)
    0x001001e8   0x00000000   Code   RO          218    .ARM.Collect$$_printf_percent$$00000000  c_t.l(_printf_percent.o)
    0x001001e8   0x00000008   Code   RO          217    .ARM.Collect$$_printf_percent$$00000003  c_t.l(_printf_f.o)
    0x001001f0   0x00000008   Code   RO          262    .ARM.Collect$$_printf_percent$$00000017  c_t.l(_printf_percent_end.o)
    0x001001f8   0x00000008   Ven    RO          356    .ARM.Collect$$libinit$$00000000  c_t.l(libinit.o)
    0x00100200   0x00000002   Code   RO          356    .ARM.Collect$$libinit$$00000000  c_t.l(libinit.o)
    0x00100202   0x00000000   Code   RO          358    .ARM.Collect$$libinit$$00000002  c_t.l(libinit2.o)
    0x00100202   0x00000000   Code   RO          360    .ARM.Collect$$libinit$$00000004  c_t.l(libinit2.o)
    0x00100202   0x00000000   Code   RO          363    .ARM.Collect$$libinit$$0000000A  c_t.l(libinit2.o)
    0x00100202   0x00000000   Code   RO          365    .ARM.Collect$$libinit$$0000000C  c_t.l(libinit2.o)
    0x00100202   0x00000000   Code   RO          367    .ARM.Collect$$libinit$$0000000E  c_t.l(libinit2.o)
    0x00100202   0x00000006   Code   RO          368    .ARM.Collect$$libinit$$0000000F  c_t.l(libinit2.o)
    0x00100208   0x00000000   Code   RO          370    .ARM.Collect$$libinit$$00000011  c_t.l(libinit2.o)
    0x00100208   0x00000000   Code   RO          372    .ARM.Collect$$libinit$$00000013  c_t.l(libinit2.o)
    0x00100208   0x00000000   Code   RO          374    .ARM.Collect$$libinit$$00000015  c_t.l(libinit2.o)
    0x00100208   0x0000000a   Code   RO          375    .ARM.Collect$$libinit$$00000016  c_t.l(libinit2.o)
    0x00100212   0x00000000   Code   RO          376    .ARM.Collect$$libinit$$00000017  c_t.l(libinit2.o)
    0x00100212   0x00000000   Code   RO          378    .ARM.Collect$$libinit$$00000019  c_t.l(libinit2.o)
    0x00100212   0x00000000   Code   RO          380    .ARM.Collect$$libinit$$0000001B  c_t.l(libinit2.o)
    0x00100212   0x00000000   Code   RO          382    .ARM.Collect$$libinit$$0000001D  c_t.l(libinit2.o)
    0x00100212   0x00000000   Code   RO          384    .ARM.Collect$$libinit$$0000001F  c_t.l(libinit2.o)
    0x00100212   0x00000000   Code   RO          386    .ARM.Collect$$libinit$$00000021  c_t.l(libinit2.o)
    0x00100212   0x00000000   Code   RO          388    .ARM.Collect$$libinit$$00000023  c_t.l(libinit2.o)
    0x00100212   0x00000000   Code   RO          390    .ARM.Collect$$libinit$$00000025  c_t.l(libinit2.o)
    0x00100212   0x00000000   Code   RO          394    .ARM.Collect$$libinit$$0000002C  c_t.l(libinit2.o)
    0x00100212   0x00000000   Code   RO          396    .ARM.Collect$$libinit$$0000002E  c_t.l(libinit2.o)
    0x00100212   0x00000000   Code   RO          398    .ARM.Collect$$libinit$$00000030  c_t.l(libinit2.o)
    0x00100212   0x00000000   Code   RO          400    .ARM.Collect$$libinit$$00000032  c_t.l(libinit2.o)
    0x00100212   0x0000000c   Code   RO          401    .ARM.Collect$$libinit$$00000033  c_t.l(libinit2.o)
    0x0010021e   0x00000002   PAD
    0x00100220   0x00000008   Ven    RO          448    .ARM.Collect$$libshutdown$$00000000  c_t.l(libshutdown.o)
    0x00100228   0x00000004   Code   RO          448    .ARM.Collect$$libshutdown$$00000000  c_t.l(libshutdown.o)
    0x0010022c   0x00000000   Code   RO          466    .ARM.Collect$$libshutdown$$00000002  c_t.l(libshutdown2.o)
    0x0010022c   0x00000000   Code   RO          468    .ARM.Collect$$libshutdown$$00000004  c_t.l(libshutdown2.o)
    0x0010022c   0x00000000   Code   RO          471    .ARM.Collect$$libshutdown$$00000007  c_t.l(libshutdown2.o)
    0x0010022c   0x00000000   Code   RO          474    .ARM.Collect$$libshutdown$$0000000A  c_t.l(libshutdown2.o)
    0x0010022c   0x00000000   Code   RO          476    .ARM.Collect$$libshutdown$$0000000C  c_t.l(libshutdown2.o)
    0x0010022c   0x00000000   Code   RO          479    .ARM.Collect$$libshutdown$$0000000F  c_t.l(libshutdown2.o)
    0x0010022c   0x00000006   Code   RO          480    .ARM.Collect$$libshutdown$$00000010  c_t.l(libshutdown2.o)
    0x00100232   0x00000002   PAD
    0x00100234   0x00000000   Code   RO          251    .ARM.Collect$$rtentry$$00000000  c_t.l(__rtentry.o)
    0x00100234   0x00000000   Code   RO          273    .ARM.Collect$$rtentry$$00000002  c_t.l(__rtentry2.o)
    0x00100234   0x00000008   Code   RO          285    .ARM.Collect$$rtentry$$00000004  c_t.l(__rtentry4.o)
    0x0010023c   0x00000000   Code   RO          275    .ARM.Collect$$rtentry$$00000009  c_t.l(__rtentry2.o)
    0x0010023c   0x00000004   Code   RO          276    .ARM.Collect$$rtentry$$0000000A  c_t.l(__rtentry2.o)
    0x00100240   0x00000000   Code   RO          278    .ARM.Collect$$rtentry$$0000000C  c_t.l(__rtentry2.o)
    0x00100240   0x00000028   Code   RO          279    .ARM.Collect$$rtentry$$0000000D  c_t.l(__rtentry2.o)
    0x00100268   0x00000004   Ven    RO          402    .ARM.Collect$$rtexit$$00000000  c_t.l(rtexit.o)
    0x0010026c   0x00000004   Code   RO          402    .ARM.Collect$$rtexit$$00000000  c_t.l(rtexit.o)
    0x00100270   0x00000000   Code   RO          417    .ARM.Collect$$rtexit$$00000002  c_t.l(rtexit2.o)
    0x00100270   0x00000004   Code   RO          418    .ARM.Collect$$rtexit$$00000003  c_t.l(rtexit2.o)
    0x00100274   0x00000008   Code   RO          419    .ARM.Collect$$rtexit$$00000004  c_t.l(rtexit2.o)
    0x0010027c   0x00000020   Code   RO            4    .text               sam7.o
    0x0010029c   0x00000008   Ven    RO          189    .text               c_t.l(noretval__2sprintf.o)
    0x001002a4   0x00000028   Code   RO          189    .text               c_t.l(noretval__2sprintf.o)
    0x001002cc   0x00000076   Code   RO          191    .text               c_t.l(__printf.o)
    0x00100342   0x00000002   PAD
    0x00100344   0x00000004   Ven    RO          219    .text               c_t.l(aeabi_sdiv.o)
    0x00100348   0x00000180   Code   RO          219    .text               c_t.l(aeabi_sdiv.o)
    0x001004c8   0x00000006   Code   RO          235    .text               c_t.l(heapauxi.o)
    0x001004ce   0x00000002   PAD
    0x001004d0   0x0000041c   Code   RO          256    .text               c_t.l(_printf_fp_dec.o)
    0x001008ec   0x00000030   Code   RO          258    .text               c_t.l(_printf_char_common.o)
    0x0010091c   0x0000000a   Code   RO          260    .text               c_t.l(_sputc.o)
    0x00100926   0x00000002   PAD
    0x00100928   0x00000004   Ven    RO          292    .text               c_t.l(rt_locale_intlibspace.o)
    0x0010092c   0x0000000c   Code   RO          292    .text               c_t.l(rt_locale_intlibspace.o)
    0x00100938   0x00000004   Ven    RO          294    .text               c_t.l(lludiv10.o)
    0x0010093c   0x000000a0   Code   RO          294    .text               c_t.l(lludiv10.o)
    0x001009dc   0x00000090   Code   RO          296    .text               c_t.l(_printf_fp_infnan.o)
    0x00100a6c   0x000000d4   Code   RO          304    .text               c_t.l(bigflt0.o)
    0x00100b40   0x00000004   Ven    RO          332    .text               c_t.l(rtudiv10.o)
    0x00100b44   0x0000002c   Code   RO          332    .text               c_t.l(rtudiv10.o)
    0x00100b70   0x0000000c   Code   RO          338    .text               c_t.l(libspace.o)
    0x00100b7c   0x00000060   Code   RO          341    .text               c_t.l(sys_stackheap_outer.o)
    0x00100bdc   0x00000014   Code   RO          343    .text               c_t.l(exit.o)
    0x00100bf0   0x000000f4   Code   RO          349    .text               c_t.l(strcmp.o)
    0x00100ce4   0x00000008   Ven    RO          414    .text               c_t.l(sys_exit.o)
    0x00100cec   0x0000000c   Code   RO          414    .text               c_t.l(sys_exit.o)
    0x00100cf8   0x00000004   Code   RO          435    .text               c_t.l(use_no_semi.o)
    0x00100cfc   0x00000000   Code   RO          437    .text               c_t.l(indicate_semi.o)
    0x00100cfc   0x00000024   Code   RO          220    .text_udiv          c_t.l(aeabi_sdiv.o)
    0x00100d20   0x00000004   Ven    RO          307    CL$$btod_d2e        c_t.l(btod.o)
    0x00100d24   0x00000038   Code   RO          307    CL$$btod_d2e        c_t.l(btod.o)
    0x00100d5c   0x00000054   Code   RO          309    CL$$btod_d2e_denorm_low  c_t.l(btod.o)
    0x00100db0   0x00000068   Code   RO          308    CL$$btod_d2e_norm_op1  c_t.l(btod.o)
    0x00100e18   0x0000034c   Code   RO          317    CL$$btod_div_common  c_t.l(btod.o)
    0x00101164   0x000000dc   Code   RO          314    CL$$btod_e2e        c_t.l(btod.o)
    0x00101240   0x00000004   Ven    RO          311    CL$$btod_ediv       c_t.l(btod.o)
    0x00101244   0x00000034   Code   RO          311    CL$$btod_ediv       c_t.l(btod.o)
    0x00101278   0x00000004   Ven    RO          310    CL$$btod_emul       c_t.l(btod.o)
    0x0010127c   0x00000034   Code   RO          310    CL$$btod_emul       c_t.l(btod.o)
    0x001012b0   0x00000268   Code   RO          316    CL$$btod_mult_common  c_t.l(btod.o)
    0x00101518   0x0000000c   Ven    RO          505    Veneer$$Code        anon$$obj.o
    0x00101524   0x00000002   Code   RO          195    i.__ARM_common_call_via_r1  c_t.l(__printf.o)
    0x00101526   0x00000002   Code   RO          193    i.__ARM_common_call_via_r2  c_t.l(__printf.o)
    0x00101528   0x00000004   Ven    RO          336    i.__ARM_fpclassify  m_ts.l(fpclassify.o)
    0x0010152c   0x00000030   Code   RO          336    i.__ARM_fpclassify  m_ts.l(fpclassify.o)
    0x0010155c   0x00000030   Code   RO           13    i.config_adc        lm35.o
    0x0010158c   0x00000028   Code   RO           17    i.cwait             lm35.o
    0x001015b4   0x00000088   Code   RO           18    i.delay_ms          lm35.o
    0x0010163c   0x0000002c   Code   RO           21    i.lcd_clear         lm35.o
    0x00101668   0x00000078   Code   RO           22    i.lcd_command       lm35.o
    0x001016e0   0x00000094   Code   RO           24    i.lcd_gotoxy        lm35.o
    0x00101774   0x000000cc   Code   RO           25    i.lcd_init          lm35.o
    0x00101840   0x00000078   Code   RO           26    i.lcd_putchar       lm35.o
    0x001018b8   0x00000040   Code   RO           28    i.lcd_putsf         lm35.o
    0x001018f8   0x000000fc   Code   RO           31    i.main              lm35.o
    0x001019f4   0x00000208   Code   RO           32    i.read_adc          lm35.o
    0x00101bfc   0x0000006c   Code   RO           33    i.setD4567          lm35.o
    0x00101c68   0x00000014   Code   RO           34    i.start_adc         lm35.o
    0x00101c7c   0x00000004   Ven    RO          330    locale$$code        c_t.l(lc_numeric_c.o)
    0x00101c80   0x00000050   Code   RO          330    locale$$code        c_t.l(lc_numeric_c.o)
    0x00101cd0   0x0000006c   Code   RO          239    x$fpl$d2f           fz_ts.l(d2f.o)
    0x00101d3c   0x00000180   Code   RO          241    x$fpl$dmul          fz_ts.l(dmul.o)
    0x00101ebc   0x000000c0   Code   RO          263    x$fpl$dnaninf       fz_ts.l(dnaninf.o)
    0x00101f7c   0x00000010   Code   RO          265    x$fpl$dretinf       fz_ts.l(dretinf.o)
    0x00101f8c   0x00000064   Code   RO          243    x$fpl$f2d           fz_ts.l(f2d.o)
    0x00101ff0   0x0000005c   Code   RO          246    x$fpl$fflt          fz_ts.l(fflt_noclz.o)
    0x0010204c   0x00000008   Code   RO          245    x$fpl$ffltu         fz_ts.l(fflt_noclz.o)
    0x00102054   0x000000a8   Code   RO          267    x$fpl$fnaninf       fz_ts.l(fnaninf.o)
    0x001020fc   0x00000010   Code   RO          269    x$fpl$fretinf       fz_ts.l(fretinf.o)
    0x0010210c   0x00000004   Ven    RO          334    x$fpl$ieeestatus    fz_ts.l(istatus.o)
    0x00102110   0x00000008   Code   RO          334    x$fpl$ieeestatus    fz_ts.l(istatus.o)
    0x00102118   0x00000004   Code   RO          249    x$fpl$printf1       fz_ts.l(printf1.o)
    0x0010211c   0x00000000   Code   RO          271    x$fpl$usenofp       fz_ts.l(usenofp.o)
    0x0010211c   0x00000094   Data   RO          305    .constdata          c_t.l(bigflt0.o)
    0x001021b0   0x00000020   Data   RO          481    Region$$Table       anon$$obj.o
    0x001021d0   0x0000001c   Data   RO          329    locale$$data        c_t.l(lc_numeric_c.o)


    Execution Region RW_IRAM1 (Base: 0x00200000, Size: 0x00000500, Max: 0x00010000, ABSOLUTE)

    Base Addr    Size         Type   Attr      Idx    E Section Name        Object

    0x00200000   0x00000014   Data   RW           35    .data               lm35.o
    0x00200014   0x00000060   Zero   RW          339    .bss                c_t.l(libspace.o)
    0x00200074   0x00000004   PAD
    0x00200078   0x00000000   Zero   RW            2    HEAP                sam7.o
    0x00200078   0x00000488   Zero   RW            1    STACK               sam7.o


==============================================================================

Image component sizes


      Code (inc. data)   RO Data    RW Data    ZI Data      Debug   Object Name

      1824         68          0         20          0       8670   lm35.o
       364         80          0          0       1160        548   sam7.o

    ----------------------------------------------------------------------
      2200        152         32         20       1160       9218   Object Totals
        12          4         32          0          0          0   (incl. Generated)
         0          0          0          0          0          0   (incl. Padding)

    ----------------------------------------------------------------------

      Code (inc. data)   RO Data    RW Data    ZI Data      Debug   Library Member Name

         8          0          0          0          0         68   __main.o
       122          0          0          0          0        208   __printf.o
         0          0          0          0          0          0   __rtentry.o
        44          4          0          0          0          0   __rtentry2.o
         8          0          0          0          0          0   __rtentry4.o
        60          8          0          0          0          0   __scatter.o
        40          0          0          0          0          0   __scatter_copy.o
        44          0          0          0          0          0   __scatter_zi.o
        48          4          0          0          0         96   _printf_char_common.o
         8          0          0          0          0          0   _printf_f.o
      1052         12          0          0          0        188   _printf_fp_dec.o
       144         16          0          0          0         88   _printf_fp_infnan.o
         4          0          0          0          0          0   _printf_percent.o
         8          0          0          0          0          0   _printf_percent_end.o
        10          0          0          0          0         60   _sputc.o
       424          0          0          0          0        148   aeabi_sdiv.o
       212          6        148          0          0         96   bigflt0.o
      2040        128          0          0          0        692   btod.o
        20          0          0          0          0         80   exit.o
         6          0          0          0          0        136   heapauxi.o
         0          0          0          0          0          0   indicate_semi.o
        84          8         28          0          0         92   lc_numeric_c.o
        10          0          0          0          0          0   libinit.o
        28          0          0          0          0          0   libinit2.o
        12          0          0          0          0          0   libshutdown.o
         6          0          0          0          0          0   libshutdown2.o
        12          4          0          0         96         68   libspace.o
       164          0          0          0          0         96   lludiv10.o
        48          4          0          0          0         84   noretval__2sprintf.o
        16          4          0          0          0         68   rt_locale_intlibspace.o
         8          0          0          0          0          0   rtexit.o
        12          0          0          0          0          0   rtexit2.o
        48          0          0          0          0         68   rtudiv10.o
       244          4          0          0          0         80   strcmp.o
        20          4          0          0          0         60   sys_exit.o
        96          0          0          0          0         80   sys_stackheap_outer.o
         4          0          0          0          0         68   use_no_semi.o
       108          4          0          0          0         92   d2f.o
       384         16          0          0          0        124   dmul.o
       192          0          0          0          0        108   dnaninf.o
        16          0          0          0          0         68   dretinf.o
       100          4          0          0          0         84   f2d.o
       100          0          0          0          0        136   fflt_noclz.o
       168          0          0          0          0         96   fnaninf.o
        16          0          0          0          0         68   fretinf.o
        12          0          0          0          0         68   istatus.o
         4          0          0          0          0         68   printf1.o
         0          0          0          0          0          0   usenofp.o
        52          0          0          0          0         68   fpclassify.o

    ----------------------------------------------------------------------
      6276        230        176          0        100       3604   Library Totals
        10          0          0          0          4          0   (incl. Padding)

    ----------------------------------------------------------------------

      Code (inc. data)   RO Data    RW Data    ZI Data      Debug   Library Name

      5114        206        176          0         96       2624   c_t.l
      1100         24          0          0          0        912   fz_ts.l
        52          0          0          0          0         68   m_ts.l

    ----------------------------------------------------------------------
      6276        230        176          0        100       3604   Library Totals

    ----------------------------------------------------------------------

==============================================================================


      Code (inc. data)   RO Data    RW Data    ZI Data      Debug   

      8476        382        208         20       1260      10470   Grand Totals
      8476        382        208         20       1260      10470   ELF Image Totals
      8476        382        208         20          0          0   ROM Totals

==============================================================================

    Total RO  Size (Code + RO Data)                 8684 (   8.48kB)
    Total RW  Size (RW Data + ZI Data)              1280 (   1.25kB)
    Total ROM Size (Code + RO Data + RW Data)       8704 (   8.50kB)

==============================================================================

